Archive member included because of file (symbol)

C:\Program Files\CodeSourcery\Sourcery G++ Lite/arm-none-eabi/lib\libc.a(lib_a-atoi.o)
                              Uart.o (atoi)
C:\Program Files\CodeSourcery\Sourcery G++ Lite/arm-none-eabi/lib\libc.a(lib_a-ctype_.o)
                              Uart.o (__ctype_ptr__)
C:\Program Files\CodeSourcery\Sourcery G++ Lite/arm-none-eabi/lib\libc.a(lib_a-locale.o)
                              runtime.o (setlocale)
C:\Program Files\CodeSourcery\Sourcery G++ Lite/arm-none-eabi/lib\libc.a(lib_a-rand.o)
                              Main.o (srand)
C:\Program Files\CodeSourcery\Sourcery G++ Lite/arm-none-eabi/lib\libc.a(lib_a-strcmp.o)
                              C:\Program Files\CodeSourcery\Sourcery G++ Lite/arm-none-eabi/lib\libc.a(lib_a-locale.o) (strcmp)
C:\Program Files\CodeSourcery\Sourcery G++ Lite/arm-none-eabi/lib\libc.a(lib_a-strlen.o)
                              Uart.o (strlen)
C:\Program Files\CodeSourcery\Sourcery G++ Lite/arm-none-eabi/lib\libc.a(lib_a-strtol.o)
                              C:\Program Files\CodeSourcery\Sourcery G++ Lite/arm-none-eabi/lib\libc.a(lib_a-atoi.o) (_strtol_r)
C:\Program Files\CodeSourcery\Sourcery G++ Lite/arm-none-eabi/lib\libc.a(lib_a-vsprintf.o)
                              Graphics.o (vsprintf)
C:\Program Files\CodeSourcery\Sourcery G++ Lite/arm-none-eabi/lib\libc.a(lib_a-impure.o)
                              C:\Program Files\CodeSourcery\Sourcery G++ Lite/arm-none-eabi/lib\libc.a(lib_a-locale.o) (_impure_ptr)
C:\Program Files\CodeSourcery\Sourcery G++ Lite/arm-none-eabi/lib\libc.a(lib_a-svfprintf.o)
                              C:\Program Files\CodeSourcery\Sourcery G++ Lite/arm-none-eabi/lib\libc.a(lib_a-vsprintf.o) (_svfprintf_r)
C:\Program Files\CodeSourcery\Sourcery G++ Lite/arm-none-eabi/lib\libc.a(lib_a-dtoa.o)
                              C:\Program Files\CodeSourcery\Sourcery G++ Lite/arm-none-eabi/lib\libc.a(lib_a-svfprintf.o) (_dtoa_r)
C:\Program Files\CodeSourcery\Sourcery G++ Lite/arm-none-eabi/lib\libc.a(lib_a-freer.o)
                              C:\Program Files\CodeSourcery\Sourcery G++ Lite/arm-none-eabi/lib\libc.a(lib_a-svfprintf.o) (_free_r)
C:\Program Files\CodeSourcery\Sourcery G++ Lite/arm-none-eabi/lib\libc.a(lib_a-mallocr.o)
                              C:\Program Files\CodeSourcery\Sourcery G++ Lite/arm-none-eabi/lib\libc.a(lib_a-svfprintf.o) (_malloc_r)
C:\Program Files\CodeSourcery\Sourcery G++ Lite/arm-none-eabi/lib\libc.a(lib_a-memchr.o)
                              C:\Program Files\CodeSourcery\Sourcery G++ Lite/arm-none-eabi/lib\libc.a(lib_a-svfprintf.o) (memchr)
C:\Program Files\CodeSourcery\Sourcery G++ Lite/arm-none-eabi/lib\libc.a(lib_a-memcpy.o)
                              C:\Program Files\CodeSourcery\Sourcery G++ Lite/arm-none-eabi/lib\libc.a(lib_a-svfprintf.o) (memcpy)
C:\Program Files\CodeSourcery\Sourcery G++ Lite/arm-none-eabi/lib\libc.a(lib_a-memmove.o)
                              C:\Program Files\CodeSourcery\Sourcery G++ Lite/arm-none-eabi/lib\libc.a(lib_a-svfprintf.o) (memmove)
C:\Program Files\CodeSourcery\Sourcery G++ Lite/arm-none-eabi/lib\libc.a(lib_a-mlock.o)
                              C:\Program Files\CodeSourcery\Sourcery G++ Lite/arm-none-eabi/lib\libc.a(lib_a-freer.o) (__malloc_lock)
C:\Program Files\CodeSourcery\Sourcery G++ Lite/arm-none-eabi/lib\libc.a(lib_a-mprec.o)
                              C:\Program Files\CodeSourcery\Sourcery G++ Lite/arm-none-eabi/lib\libc.a(lib_a-dtoa.o) (_Bfree)
C:\Program Files\CodeSourcery\Sourcery G++ Lite/arm-none-eabi/lib\libc.a(lib_a-reallocr.o)
                              C:\Program Files\CodeSourcery\Sourcery G++ Lite/arm-none-eabi/lib\libc.a(lib_a-svfprintf.o) (_realloc_r)
C:\Program Files\CodeSourcery\Sourcery G++ Lite/arm-none-eabi/lib\libc.a(lib_a-s_isinfd.o)
                              C:\Program Files\CodeSourcery\Sourcery G++ Lite/arm-none-eabi/lib\libc.a(lib_a-svfprintf.o) (__isinfd)
C:\Program Files\CodeSourcery\Sourcery G++ Lite/arm-none-eabi/lib\libc.a(lib_a-s_isnand.o)
                              C:\Program Files\CodeSourcery\Sourcery G++ Lite/arm-none-eabi/lib\libc.a(lib_a-svfprintf.o) (__isnand)
C:\Program Files\CodeSourcery\Sourcery G++ Lite/arm-none-eabi/lib\libc.a(lib_a-sbrkr.o)
                              C:\Program Files\CodeSourcery\Sourcery G++ Lite/arm-none-eabi/lib\libc.a(lib_a-freer.o) (_sbrk_r)
C:\Program Files\CodeSourcery\Sourcery G++ Lite/arm-none-eabi/lib\libc.a(lib_a-callocr.o)
                              C:\Program Files\CodeSourcery\Sourcery G++ Lite/arm-none-eabi/lib\libc.a(lib_a-mprec.o) (_calloc_r)
C:\Program Files\CodeSourcery\Sourcery G++ Lite/arm-none-eabi/lib\libc.a(lib_a-memset.o)
                              C:\Program Files\CodeSourcery\Sourcery G++ Lite/arm-none-eabi/lib\libc.a(lib_a-callocr.o) (memset)
C:\Program Files\CodeSourcery\Sourcery G++ Lite/arm-none-eabi/lib\libc.a(lib_a-reent.o)
[...]
Memory Configuration

Name             Origin             Length             Attributes
RAM              0x30000000         0x01000000         xrw
*default*        0x00000000         0xffffffff

Linker script and memory map

LOAD Adc.o
LOAD Buzzer.o
LOAD Exception.o
LOAD Graphics.o
LOAD Key.o
LOAD Led.o
LOAD Main.o
LOAD Timer.o
LOAD Uart.o
LOAD Wdt.o
LOAD mmu.o
LOAD runtime.o
LOAD 2440slib.o
LOAD crt0.o
LOAD C:\Program Files\CodeSourcery\Sourcery G++ Lite/arm-none-eabi/lib\libc.a
LOAD C:\Program Files\CodeSourcery\Sourcery G++ Lite/lib/gcc/arm-none-eabi/4.4.1\libgcc.a

.text           0x30000000     0xead4
 crt0.o(.text)
 .text          0x30000000      0x18c crt0.o
                0x30000000                __start
                0x30000020                HandlerIRQ
 *(.text)
 .text          0x3000018c      0x584 Adc.o
                0x3000018c                ADC_Start
                0x30000250                ADC_ISR_Init
                0x30000350                Touch_Get_Data
                0x30000414                Touch_ISR_Enable
                0x300004e8                Touch_Get_Position
                0x300006a4                Touch_Set_Wait_For_Release
 .text          0x30000710      0x164 Buzzer.o
                0x30000710                Timer3_Buzzer_Init
                0x3000078c                Timer3_Buzzer_Beep
 .text          0x30000874      0x5cc Exception.o
                0x30000874                ADC_ISR
                0x300009e4                WDT_ISR
                0x30000a40                RTC_Tick_ISR
                0x30000a8c                RTC_ISR
                0x30000ad8                DMA0_ISR
                0x30000b24                DMA1_ISR
                0x30000b70                DMA2_ISR
                0x30000bbc                DMA3_ISR
                0x30000c08                TIMER0_ISR
                0x30000c54                UART0_ISR
                0x30000cd0                EINT0_ISR
                0x30000d1c                EINT4_7_ISR
                0x30000d94                Invalid_ISR
                0x30000db4                FIQ_Handler
                0x30000dd0                Undef_Handler
                0x30000dec                Pabort_Handler
                0x30000e08                Dabort_Handler
                0x30000e24                SWI_Handler
 .text          0x30000e40     0x32dc Graphics.o
                0x30000e40                SPI0_LCD_Init
                0x30000f30                SPI0_LCD_Write
                0x30001088                Lcd_Reset
                0x300010e4                Lcd_Port_Init
                0x300011a4                Lcd_Envid_On_Off
                0x30001204                Lcd_Power_Enable
                0x30001248                Lcd_Init
                0x300012e8                Lcd_Set_Address
                0x30001378                Lcd_Select_Buffer_Mode
                0x30001404                Lcd_Set_Virtual_Display_Start
                0x30001460                Lcd_Select_Draw_Frame_Buffer
                0x300014c0                Lcd_Select_Display_Frame_Buffer
                0x30001518                Lcd_Graphic_Init
                0x30001624                Lcd_Control_Brightness
                0x3000169c                Lcd_Wait_Blank
                0x300016cc                Lcd_Set_Trans_Mode
                0x30001718                Lcd_Set_Shape_Mode
                0x30001778                Lcd_Put_Pixel
                0x30001cf4                Lcd_Clr_Screen
                0x30001d84                Lcd_Draw_BMP_File_24bpp
                0x30001fe8                Lcd_Draw_BMP
                0x30002090                Lcd_Draw_Image
                0x30002128                Lcd_Put_Cam_Pixel
                0x30002300                Lcd_Draw_Cam_Image
                0x30002398                Lcd_Get_Info_BMP
                0x300023ec                Lcd_Draw_Line
                0x300028fc                Lcd_Draw_Hline
                0x30002994                Lcd_Draw_Vline
                0x30002a2c                Lcd_Draw_Rect
                0x30002b10                Lcd_Draw_Bar
                0x30002c04                Lcd_Han_Putch
                0x30003a20                Lcd_Eng_Putch
                0x30003f94                Lcd_Puts
                0x300040a8                Lcd_Printf
 .text          0x3000411c      0x580 Key.o
                0x3000411c                Key_Poll_Init
                0x30004194                Key_Get_Pressed_Multi
                0x300043a8                Key_Wait_Key_Released_Multi
                0x300043d0                Key_Wait_Key_Pressed_Multi
                0x3000440c                Key_Get_Pressed
                0x30004638                Key_Wait_Key_Released
                0x30004660                Key_Wait_Key_Pressed
 .text          0x3000469c       0x98 Led.o
                0x3000469c                Led_Init
                0x300046e8                Led_Display
 .text          0x30004734     0x1874 Main.o
                0x30004734                RTC_Get_Time
                0x30004840                Main
                0x300048a4                User_Main
                0x30004a6c                Basic_Graphics_Test
                0x30004d44                Special_Mode_Test
                0x30004f54                Font_Test
                0x3000512c                Brightness_Test
                0x300051d0                Buzzer_Test
                0x300052d4                Key_Test
                0x30005418                Timer_Test
                0x300056c8                make_pixel
                0x30005750                explosion
                0x30005880                Move_Object
                0x30005acc                Draw_Object
                0x30005e68                collision_detect
                0x30005f5c                Game_Init
                0x30005f84                Simple_Example
 .text          0x30005fa8      0x4f0 Timer.o
                0x30005fa8                Timer0_Init
                0x30005ff4                Timer0_Repeat
                0x3000607c                Timer0_Check_Expired
                0x300060cc                Timer0_Stop
                0x300060fc                Timer0_Change_Delay
                0x3000616c                Timer0_ISR_Enable
                0x300061f4                Timer1_Stopwatch_Run
                0x30006288                Timer1_Stopwatch_Stop
                0x300062e0                Timer4_Init
                0x3000633c                Timer4_Delay
 .text          0x30006498      0x638 Uart.o
                0x30006498                Uart_Init
                0x3000657c                Uart_Fifo_Init
                0x300065b4                Uart_Send_Byte
                0x30006634                Uart_Send_String
                0x30006684                Uart_Printf
                0x300066dc                Uart_Get_Char
                0x30006720                Uart_Get_Pressed
                0x30006770                Uart_GetString
                0x3000682c                Uart_GetIntNum
 .text          0x30006ad0       0xa8 Wdt.o
                0x30006ad0                WDT_Init
                0x30006b18                WDT_Start
 .text          0x30006b78      0x2a8 mmu.o
                0x30006b78                MMU_Init
                0x30006d68                MMU_SetMTT
 .text          0x30006e20      0x144 runtime.o
                0x30006e20                _sbrk
                0x30006eb8                Get_Stack_Base
                0x30006ed8                Get_Stack_Limit
                0x30006efc                Get_Heap_Base
                0x30006f1c                Get_Heap_Limit
                0x30006f3c                Run_Time_Config
 .text          0x30006f64      0x184 2440slib.o
                0x30006f64                SET_IF
                0x30006f78                WR_IF
                0x30006f80                CLR_IF
                0x30006f90                MMU_EnableICache
                0x30006fa0                MMU_DisableICache
                0x30006fb0                MMU_EnableDCache
                0x30006fc0                MMU_DisableDCache
                0x30006fd0                MMU_EnableAlignFault
                0x30006fe0                MMU_DisableAlignFault
                0x30006ff0                MMU_EnableMMU
                0x30007000                MMU_DisableMMU
                0x30007010                MMU_SetFastBusMode
                0x30007020                MMU_SetAsyncBusMode
                0x30007030                MMU_SetTTBase
                0x30007038                MMU_SetDomain
                0x30007040                MMU_InvalidateIDCache
                0x30007048                MMU_InvalidateICache
                0x30007050                MMU_InvalidateICacheMVA
                0x30007058                MMU_PrefetchICacheMVA
                0x30007060                MMU_InvalidateDCache
                0x30007068                MMU_InvalidateDCacheMVA
                0x30007070                MMU_CleanDCacheMVA
                0x30007078                MMU_CleanInvalidateDCacheMVA
                0x30007080                MMU_CleanDCacheIndex
                0x30007088                MMU_CleanInvalidateDCacheIndex
                0x30007090                MMU_WaitForInterrupt
                0x30007098                MMU_InvalidateTLB
                0x300070a0                MMU_InvalidateITLB
                0x300070a8                MMU_InvalidateITLBMVA
                0x300070b0                MMU_InvalidateDTLB
                0x300070b8                MMU_InvalidateDTLBMVA
                0x300070c0                MMU_SetDCacheLockdownBase
                0x300070c8                MMU_SetICacheLockdownBase
                0x300070d0                MMU_SetDTLBLockdown
                0x300070d8                MMU_SetITLBLockdown
                0x300070e0                MMU_SetProcessId
 .text          0x300070e8       0x30 C:\Program Files\CodeSourcery\Sourcery G++ Lite/arm-none-eabi/lib\libc.a(lib_a-atoi.o)
                0x300070e8                _atoi_r
                0x30007100                atoi
 .text          0x30007118        0x0 C:\Program Files\CodeSourcery\Sourcery G++ Lite/arm-none-eabi/lib\libc.a(lib_a-ctype_.o)
 .text          0x30007118       0xa4 C:\Program Files\CodeSourcery\Sourcery G++ Lite/arm-none-eabi/lib\libc.a(lib_a-locale.o)
                0x30007118                __locale_charset
                0x30007128                _localeconv_r
                0x30007134                localeconv
                0x30007140                _setlocale_r
                0x300071a0                setlocale
 .text          0x300071bc       0x78 C:\Program Files\CodeSourcery\Sourcery G++ Lite/arm-none-eabi/lib\libc.a(lib_a-rand.o)
                0x300071bc                srand
                0x300071d8                rand
 .text          0x30007234      0x230 C:\Program Files\CodeSourcery\Sourcery G++ Lite/arm-none-eabi/lib\libc.a(lib_a-strcmp.o)
                0x30007234                strcmp
 .text          0x30007464       0x60 C:\Program Files\CodeSourcery\Sourcery G++ Lite/arm-none-eabi/lib\libc.a(lib_a-strlen.o)
                0x30007464                strlen
 .text          0x300074c4      0x1d4 C:\Program Files\CodeSourcery\Sourcery G++ Lite/arm-none-eabi/lib\libc.a(lib_a-strtol.o)
                0x300074c4                _strtol_r
                0x3000766c                strtol
 .text          0x30007698       0x7c C:\Program Files\CodeSourcery\Sourcery G++ Lite/arm-none-eabi/lib\libc.a(lib_a-vsprintf.o)
                0x30007698                _vsprintf_r
                0x300076e8                vsprintf
 .text          0x30007714        0x0 C:\Program Files\CodeSourcery\Sourcery G++ Lite/arm-none-eabi/lib\libc.a(lib_a-impure.o)
 .text          0x30007714     0x2118 C:\Program Files\CodeSourcery\Sourcery G++ Lite/arm-none-eabi/lib\libc.a(lib_a-svfprintf.o)
                0x3000789c                _svfprintf_r
 *fill*         0x3000982c        0x4 00
 .text          0x30009830     0x17e0 C:\Program Files\CodeSourcery\Sourcery G++ Lite/arm-none-eabi/lib\libc.a(lib_a-dtoa.o)
                0x30009a18                _dtoa_r
 .text          0x3000b010      0x370 C:\Program Files\CodeSourcery\Sourcery G++ Lite/arm-none-eabi/lib\libc.a(lib_a-freer.o)
                0x3000b010                _malloc_trim_r
                0x3000b10c                _free_r
 .text          0x3000b380      0x71c C:\Program Files\CodeSourcery\Sourcery G++ Lite/arm-none-eabi/lib\libc.a(lib_a-mallocr.o)
                0x3000b380                _malloc_r
 .text          0x3000ba9c       0xd4 C:\Program Files\CodeSourcery\Sourcery G++ Lite/arm-none-eabi/lib\libc.a(lib_a-memchr.o)
                0x3000ba9c                memchr
 .text          0x3000bb70      0x204 C:\Program Files\CodeSourcery\Sourcery G++ Lite/arm-none-eabi/lib\libc.a(lib_a-memcpy.o)
                0x3000bb70                memcpy
 .text          0x3000bd74      0x134 C:\Program Files\CodeSourcery\Sourcery G++ Lite/arm-none-eabi/lib\libc.a(lib_a-memmove.o)
                0x3000bd74                memmove
 .text          0x3000bea8        0x8 C:\Program Files\CodeSourcery\Sourcery G++ Lite/arm-none-eabi/lib\libc.a(lib_a-mlock.o)
                0x3000bea8                __malloc_lock
                0x3000beac                __malloc_unlock
 .text          0x3000beb0      0xd98 C:\Program Files\CodeSourcery\Sourcery G++ Lite/arm-none-eabi/lib\libc.a(lib_a-mprec.o)
                0x3000beb0                _Bfree
                0x3000becc                __hi0bits
                0x3000bf24                __lo0bits
                0x3000bfb8                __mcmp
                0x3000c020                __ulp
                0x3000c080                __b2d
                0x3000c144                __ratio
                0x3000c1e8                _mprec_log10
                0x3000c238                __copybits
                0x3000c2b4                __any_on
                0x3000c33c                _Balloc
                0x3000c3c4                __d2b
                0x3000c4d4                __mdiff
                0x3000c654                __lshift
                0x3000c768                __multiply
                0x3000c95c                __i2b
                0x3000c980                __multadd
                0x3000ca64                __pow5mult
                0x3000cb60                __s2b
 .text          0x3000cc48      0x4f4 C:\Program Files\CodeSourcery\Sourcery G++ Lite/arm-none-eabi/lib\libc.a(lib_a-reallocr.o)
                0x3000cc48                _realloc_r
 .text          0x3000d13c       0x30 C:\Program Files\CodeSourcery\Sourcery G++ Lite/arm-none-eabi/lib\libc.a(lib_a-s_isinfd.o)
                0x3000d13c                __isinfd
 .text          0x3000d16c       0x30 C:\Program Files\CodeSourcery\Sourcery G++ Lite/arm-none-eabi/lib\libc.a(lib_a-s_isnand.o)
                0x3000d16c                __isnand
 .text          0x3000d19c       0x40 C:\Program Files\CodeSourcery\Sourcery G++ Lite/arm-none-eabi/lib\libc.a(lib_a-sbrkr.o)
                0x3000d19c                _sbrk_r
 .text          0x3000d1dc       0x9c C:\Program Files\CodeSourcery\Sourcery G++ Lite/arm-none-eabi/lib\libc.a(lib_a-callocr.o)
                0x3000d1dc                _calloc_r
 .text          0x3000d278      0x12c C:\Program Files\CodeSourcery\Sourcery G++ Lite/arm-none-eabi/lib\libc.a(lib_a-memset.o)
                0x3000d278                memset
 .text          0x3000d3a4      0x194 C:\Program Files\CodeSourcery\Sourcery G++ Lite/arm-none-eabi/lib\libc.a(lib_a-reent.o)
                0x3000d3a4                _wrapup_reent
                0x3000d414                cleanup_glue
                0x3000d440                _reclaim_reent
 .text          0x3000d538      0x114 C:\Program Files\CodeSourcery\Sourcery G++ Lite/lib/gcc/arm-none-eabi/4.4.1\libgcc.a(_udivsi3.o)
                0x3000d538                __aeabi_uidiv
                0x3000d538                __udivsi3
                0x3000d62c                __aeabi_uidivmod
 .text          0x3000d64c        0x4 C:\Program Files\CodeSourcery\Sourcery G++ Lite/lib/gcc/arm-none-eabi/4.4.1\libgcc.a(_dvmd_tls.o)
                0x3000d64c                __aeabi_idiv0
                0x3000d64c                __aeabi_ldiv0
 .text          0x3000d650      0x41c C:\Program Files\CodeSourcery\Sourcery G++ Lite/lib/gcc/arm-none-eabi/4.4.1\libgcc.a(_arm_addsubdf3.o)
                0x3000d650                __aeabi_drsub
                0x3000d658                __aeabi_dsub
                0x3000d658                __subdf3
                0x3000d65c                __aeabi_dadd
                0x3000d65c                __adddf3
                0x3000d96c                __floatunsidf
                0x3000d96c                __aeabi_ui2d
                0x3000d990                __floatsidf
                0x3000d990                __aeabi_i2d
                0x3000d9b8                __aeabi_f2d
                0x3000d9b8                __extendsfdf2
                0x3000d9f8                __floatundidf
                0x3000d9f8                __aeabi_ul2d
                0x3000da0c                __floatdidf
                0x3000da0c                __aeabi_l2d
 .text          0x3000da6c      0x49c C:\Program Files\CodeSourcery\Sourcery G++ Lite/lib/gcc/arm-none-eabi/4.4.1\libgcc.a(_arm_muldivdf3.o)
                0x3000da6c                __aeabi_dmul
                0x3000da6c                __muldf3
                0x3000dcfc                __divdf3
                0x3000dcfc                __aeabi_ddiv
 .text          0x3000df08      0x144 C:\Program Files\CodeSourcery\Sourcery G++ Lite/lib/gcc/arm-none-eabi/4.4.1\libgcc.a(_arm_cmpdf2.o)
                0x3000df08                __gtdf2
                0x3000df08                __gedf2
                0x3000df10                __ltdf2
                0x3000df10                __ledf2
                0x3000df18                __nedf2
                0x3000df18                __eqdf2
                0x3000df18                __cmpdf2
                0x3000dfa0                __aeabi_cdrcmple
                0x3000dfbc                __aeabi_cdcmpeq
                0x3000dfbc                __aeabi_cdcmple
                0x3000dfd4                __aeabi_dcmpeq
                0x3000dfec                __aeabi_dcmplt
                0x3000e004                __aeabi_dcmple
                0x3000e01c                __aeabi_dcmpge
                0x3000e034                __aeabi_dcmpgt
 .text          0x3000e04c       0x5c C:\Program Files\CodeSourcery\Sourcery G++ Lite/lib/gcc/arm-none-eabi/4.4.1\libgcc.a(_arm_fixdfsi.o)
                0x3000e04c                __aeabi_d2iz
                0x3000e04c                __fixdfsi
 .text          0x3000e0a8       0x54 C:\Program Files\CodeSourcery\Sourcery G++ Lite/lib/gcc/arm-none-eabi/4.4.1\libgcc.a(_arm_fixunsdfsi.o)
                0x3000e0a8                __aeabi_d2uiz
                0x3000e0a8                __fixunsdfsi
 .text          0x3000e0fc       0x3c C:\Program Files\CodeSourcery\Sourcery G++ Lite/lib/gcc/arm-none-eabi/4.4.1\libgcc.a(_aeabi_uldivmod.o)
                0x3000e0fc                __aeabi_uldivmod
 .text          0x3000e138       0x88 C:\Program Files\CodeSourcery\Sourcery G++ Lite/lib/gcc/arm-none-eabi/4.4.1\libgcc.a(bpabi.o)
                0x3000e138                __gnu_uldivmod_helper
                0x3000e17c                __gnu_ldivmod_helper
 .text          0x3000e1c0      0x490 C:\Program Files\CodeSourcery\Sourcery G++ Lite/lib/gcc/arm-none-eabi/4.4.1\libgcc.a(_divdi3.o)
                0x3000e1c0                __divdi3
 .text          0x3000e650      0x43c C:\Program Files\CodeSourcery\Sourcery G++ Lite/lib/gcc/arm-none-eabi/4.4.1\libgcc.a(_udivdi3.o)
                0x3000e650                __udivdi3
 .text          0x3000ea8c       0x48 C:\Program Files\CodeSourcery\Sourcery G++ Lite/lib/gcc/arm-none-eabi/4.4.1\libgcc.a(_clzsi2.o)
                0x3000ea8c                __clzsi2
                0x3000ead4                . = ALIGN (0x4)

.glue_7         0x3000ead4        0x0
 .glue_7        0x00000000        0x0 linker stubs

.glue_7t        0x3000ead4        0x0
 .glue_7t       0x00000000        0x0 linker stubs

.vfp11_veneer   0x3000ead4        0x0
 .vfp11_veneer  0x00000000        0x0 linker stubs

.v4_bx          0x3000ead4        0x0
 .v4_bx         0x00000000        0x0 linker stubs

.rodata         0x3000ead8   0x140618
                0x3000ead8                __RO_BASE__ = .
 *(.rodata)
 .rodata        0x3000ead8       0x74 Buzzer.o
 .rodata        0x3000eb4c       0xf4 Exception.o
                0x3000eb4c                ISR_Vectors
 .rodata        0x3000ec40     0x823c Graphics.o
                0x3000ec60                eng8x16
                0x3000fc60                han16x16
                0x30012964                HanTable
 .rodata        0x30016e7c   0x137f80 Main.o
                0x30016ea0                img01
                0x3003c6a4                img02
                0x30061ea8                img03
                0x3007572c                img04
                0x300864b8                img05
                0x3011c4bc                shape
                0x30128f3c                perfect
                0x3014eba8                song
 .rodata        0x3014edfc        0x4 Uart.o
 .rodata        0x3014ee00        0x4 runtime.o
 .rodata        0x3014ee04      0x104 C:\Program Files\CodeSourcery\Sourcery G++ Lite/arm-none-eabi/lib\libc.a(lib_a-ctype_.o)
                0x3014ee04                _ctype_
 .rodata        0x3014ef08       0x34 C:\Program Files\CodeSourcery\Sourcery G++ Lite/arm-none-eabi/lib\libc.a(lib_a-locale.o)
 .rodata        0x3014ef3c        0x4 C:\Program Files\CodeSourcery\Sourcery G++ Lite/arm-none-eabi/lib\libc.a(lib_a-impure.o)
                0x3014ef3c                _global_impure_ptr
 .rodata        0x3014ef40       0x20 C:\Program Files\CodeSourcery\Sourcery G++ Lite/arm-none-eabi/lib\libc.a(lib_a-svfprintf.o)
 .rodata        0x3014ef60      0x128 C:\Program Files\CodeSourcery\Sourcery G++ Lite/arm-none-eabi/lib\libc.a(lib_a-mprec.o)
                0x3014ef60                __mprec_tens
                0x3014f038                __mprec_bigtens
                0x3014f060                __mprec_tinytens
 *(.rodata.*)
 .rodata.str1.4
                0x3014f088       0x13 C:\Program Files\CodeSourcery\Sourcery G++ Lite/arm-none-eabi/lib\libc.a(lib_a-locale.o)
                                 0x18 (size before relaxing)
 .rodata.str1.4
                0x00000000        0x4 C:\Program Files\CodeSourcery\Sourcery G++ Lite/arm-none-eabi/lib\libc.a(lib_a-impure.o)
 *fill*         0x3014f09b        0x1 00
 .rodata.str1.4
                0x3014f09c       0x42 C:\Program Files\CodeSourcery\Sourcery G++ Lite/arm-none-eabi/lib\libc.a(lib_a-svfprintf.o)
                                 0x44 (size before relaxing)
 *fill*         0x3014f0de        0x2 00
 .rodata.str1.4
                0x3014f0e0       0x10 C:\Program Files\CodeSourcery\Sourcery G++ Lite/arm-none-eabi/lib\libc.a(lib_a-dtoa.o)
                                 0x14 (size before relaxing)
                0x3014f0f0                . = ALIGN (0x4)
                0x3014f0f0                __RO_LIMIT__ = .

.ARM.extab      0x3014f0f0        0x0
 .ARM.extab     0x3014f0f0        0x0 C:\Program Files\CodeSourcery\Sourcery G++ Lite/lib/gcc/arm-none-eabi/4.4.1\libgcc.a(_divdi3.o)
 .ARM.extab     0x3014f0f0        0x0 C:\Program Files\CodeSourcery\Sourcery G++ Lite/lib/gcc/arm-none-eabi/4.4.1\libgcc.a(_udivdi3.o)

.ARM.exidx      0x3014f0f0        0x8
 .ARM.exidx     0x3014f0f0        0x8 C:\Program Files\CodeSourcery\Sourcery G++ Lite/lib/gcc/arm-none-eabi/4.4.1\libgcc.a(_divdi3.o)
 .ARM.exidx     0x3014f0f8        0x0 C:\Program Files\CodeSourcery\Sourcery G++ Lite/lib/gcc/arm-none-eabi/4.4.1\libgcc.a(_udivdi3.o)
                                  0x8 (size before relaxing)

.data           0x3014f0f8      0x9d8
                0x3014f0f8                __RW_BASE__ = .
 *(.data)
 .data          0x3014f0f8        0x0 Adc.o
 .data          0x3014f0f8        0x0 Buzzer.o
 .data          0x3014f0f8        0x0 Exception.o
 .data          0x3014f0f8       0xb0 Graphics.o
                0x3014f0f8                Virtual_X
                0x3014f0fc                Virtual_Y
                0x3014f100                Fb_Layer
                0x3014f104                Fb_Frame
 .data          0x3014f1a8        0x8 Key.o
 .data          0x3014f1b0        0x0 Led.o
 .data          0x3014f1b0       0xc4 Main.o
                0x3014f1b0                Disp
                0x3014f1c0                Ufo
                0x3014f1fc                Gun
                0x3014f238                Ufo_beam
 .data          0x3014f274        0x0 Timer.o
 .data          0x3014f274        0x0 Uart.o
 .data          0x3014f274        0x0 Wdt.o
 .data          0x3014f274        0x0 mmu.o
 .data          0x3014f274        0x4 runtime.o
 .data          0x3014f278        0x0 2440slib.o
 .data          0x3014f278        0x0 crt0.o
 .data          0x3014f278        0x0 C:\Program Files\CodeSourcery\Sourcery G++ Lite/arm-none-eabi/lib\libc.a(lib_a-atoi.o)
 .data          0x3014f278        0x8 C:\Program Files\CodeSourcery\Sourcery G++ Lite/arm-none-eabi/lib\libc.a(lib_a-ctype_.o)
                0x3014f278                __ctype_ptr
                0x3014f27c                __ctype_ptr__
 .data          0x3014f280       0x10 C:\Program Files\CodeSourcery\Sourcery G++ Lite/arm-none-eabi/lib\libc.a(lib_a-locale.o)
                0x3014f280                __mb_cur_max
                0x3014f284                __lc_ctype
 .data          0x3014f290        0x0 C:\Program Files\CodeSourcery\Sourcery G++ Lite/arm-none-eabi/lib\libc.a(lib_a-rand.o)
 .data          0x3014f290        0x0 C:\Program Files\CodeSourcery\Sourcery G++ Lite/arm-none-eabi/lib\libc.a(lib_a-strcmp.o)
 .data          0x3014f290        0x0 C:\Program Files\CodeSourcery\Sourcery G++ Lite/arm-none-eabi/lib\libc.a(lib_a-strlen.o)
 .data          0x3014f290        0x0 C:\Program Files\CodeSourcery\Sourcery G++ Lite/arm-none-eabi/lib\libc.a(lib_a-strtol.o)
 .data          0x3014f290        0x0 C:\Program Files\CodeSourcery\Sourcery G++ Lite/arm-none-eabi/lib\libc.a(lib_a-vsprintf.o)
 .data          0x3014f290      0x430 C:\Program Files\CodeSourcery\Sourcery G++ Lite/arm-none-eabi/lib\libc.a(lib_a-impure.o)
                0x3014f290                _impure_ptr
 .data          0x3014f6c0        0x0 C:\Program Files\CodeSourcery\Sourcery G++ Lite/arm-none-eabi/lib\libc.a(lib_a-svfprintf.o)
 .data          0x3014f6c0        0x0 C:\Program Files\CodeSourcery\Sourcery G++ Lite/arm-none-eabi/lib\libc.a(lib_a-dtoa.o)
 .data          0x3014f6c0        0x0 C:\Program Files\CodeSourcery\Sourcery G++ Lite/arm-none-eabi/lib\libc.a(lib_a-freer.o)
 .data          0x3014f6c0      0x410 C:\Program Files\CodeSourcery\Sourcery G++ Lite/arm-none-eabi/lib\libc.a(lib_a-mallocr.o)
                0x3014f6c0                __malloc_av_
                0x3014fac8                __malloc_sbrk_base
                0x3014facc                __malloc_trim_threshold
 .data          0x3014fad0        0x0 C:\Program Files\CodeSourcery\Sourcery G++ Lite/arm-none-eabi/lib\libc.a(lib_a-memchr.o)
 .data          0x3014fad0        0x0 C:\Program Files\CodeSourcery\Sourcery G++ Lite/arm-none-eabi/lib\libc.a(lib_a-memcpy.o)
 .data          0x3014fad0        0x0 C:\Program Files\CodeSourcery\Sourcery G++ Lite/arm-none-eabi/lib\libc.a(lib_a-memmove.o)
 .data          0x3014fad0        0x0 C:\Program Files\CodeSourcery\Sourcery G++ Lite/arm-none-eabi/lib\libc.a(lib_a-mlock.o)
 .data          0x3014fad0        0x0 C:\Program Files\CodeSourcery\Sourcery G++ Lite/arm-none-eabi/lib\libc.a(lib_a-mprec.o)
 .data          0x3014fad0        0x0 C:\Program Files\CodeSourcery\Sourcery G++ Lite/arm-none-eabi/lib\libc.a(lib_a-reallocr.o)
 .data          0x3014fad0        0x0 C:\Program Files\CodeSourcery\Sourcery G++ Lite/arm-none-eabi/lib\libc.a(lib_a-s_isinfd.o)
 .data          0x3014fad0        0x0 C:\Program Files\CodeSourcery\Sourcery G++ Lite/arm-none-eabi/lib\libc.a(lib_a-s_isnand.o)
 .data          0x3014fad0        0x0 C:\Program Files\CodeSourcery\Sourcery G++ Lite/arm-none-eabi/lib\libc.a(lib_a-sbrkr.o)
 .data          0x3014fad0        0x0 C:\Program Files\CodeSourcery\Sourcery G++ Lite/arm-none-eabi/lib\libc.a(lib_a-callocr.o)
 .data          0x3014fad0        0x0 C:\Program Files\CodeSourcery\Sourcery G++ Lite/arm-none-eabi/lib\libc.a(lib_a-memset.o)
 .data          0x3014fad0        0x0 C:\Program Files\CodeSourcery\Sourcery G++ Lite/arm-none-eabi/lib\libc.a(lib_a-reent.o)
 .data          0x3014fad0        0x0 C:\Program Files\CodeSourcery\Sourcery G++ Lite/lib/gcc/arm-none-eabi/4.4.1\libgcc.a(_udivsi3.o)
 .data          0x3014fad0        0x0 C:\Program Files\CodeSourcery\Sourcery G++ Lite/lib/gcc/arm-none-eabi/4.4.1\libgcc.a(_dvmd_tls.o)
 .data          0x3014fad0        0x0 C:\Program Files\CodeSourcery\Sourcery G++ Lite/lib/gcc/arm-none-eabi/4.4.1\libgcc.a(_arm_addsubdf3.o)
 .data          0x3014fad0        0x0 C:\Program Files\CodeSourcery\Sourcery G++ Lite/lib/gcc/arm-none-eabi/4.4.1\libgcc.a(_arm_muldivdf3.o)
 .data          0x3014fad0        0x0 C:\Program Files\CodeSourcery\Sourcery G++ Lite/lib/gcc/arm-none-eabi/4.4.1\libgcc.a(_arm_cmpdf2.o)
 .data          0x3014fad0        0x0 C:\Program Files\CodeSourcery\Sourcery G++ Lite/lib/gcc/arm-none-eabi/4.4.1\libgcc.a(_arm_fixdfsi.o)
 .data          0x3014fad0        0x0 C:\Program Files\CodeSourcery\Sourcery G++ Lite/lib/gcc/arm-none-eabi/4.4.1\libgcc.a(_arm_fixunsdfsi.o)
 .data          0x3014fad0        0x0 C:\Program Files\CodeSourcery\Sourcery G++ Lite/lib/gcc/arm-none-eabi/4.4.1\libgcc.a(_aeabi_uldivmod.o)
 .data          0x3014fad0        0x0 C:\Program Files\CodeSourcery\Sourcery G++ Lite/lib/gcc/arm-none-eabi/4.4.1\libgcc.a(bpabi.o)
 .data          0x3014fad0        0x0 C:\Program Files\CodeSourcery\Sourcery G++ Lite/lib/gcc/arm-none-eabi/4.4.1\libgcc.a(_divdi3.o)
 .data          0x3014fad0        0x0 C:\Program Files\CodeSourcery\Sourcery G++ Lite/lib/gcc/arm-none-eabi/4.4.1\libgcc.a(_udivdi3.o)
 .data          0x3014fad0        0x0 C:\Program Files\CodeSourcery\Sourcery G++ Lite/lib/gcc/arm-none-eabi/4.4.1\libgcc.a(_clzsi2.o)
 *(.data.*)
                0x3014fad0                . = ALIGN (0x4)
                0x3014fad0                __RW_LIMIT__ = .
                0x000009d8                __RW_SIZE__ = SIZEOF (.data)
                0x3014f0f8                __RW_LOAD_ADDR__ = LOADADDR (.data)

.bss            0x3014fad0       0xa4
                0x3014fad0                __ZI_BASE__ = .
 *(.bss)
 .bss           0x3014fad0        0x8 Adc.o
                0x3014fad0                Touch_x
                0x3014fad4                Touch_y
 .bss           0x3014fad8        0x0 Buzzer.o
 .bss           0x3014fad8       0x3c Exception.o
                0x3014fad8                Adc_complete
                0x3014fadc                Adc_value
                0x3014fae0                Touch_pressed
                0x3014fae4                Wdt_timeout
                0x3014fae8                RTC_tick
                0x3014faec                RTC_alarm
                0x3014faf0                DMA_complete
                0x3014fb00                Timer0_time_out
                0x3014fb04                Rx_data_in
                0x3014fb08                Rx_data
                0x3014fb0c                Key_push
                0x3014fb10                Key_value
 .bss           0x3014fb14       0x1c Graphics.o
                0x3014fb14                Frame_Mode
                0x3014fb18                Selected_frame
                0x3014fb1c                Display_frame
                0x3014fb20                Bit_per_pixel
                0x3014fb24                Trans_mode
                0x3014fb28                Shape_mode
                0x3014fb2c                Shape_mode_color
 .bss           0x3014fb30        0x0 Key.o
 .bss           0x3014fb30        0x0 Led.o
 .bss           0x3014fb30        0x0 Main.o
 .bss           0x3014fb30        0x0 Timer.o
 .bss           0x3014fb30        0x0 Uart.o
 .bss           0x3014fb30        0x0 Wdt.o
 .bss           0x3014fb30        0x0 mmu.o
 .bss           0x3014fb30        0x0 runtime.o
 .bss           0x3014fb30        0x0 2440slib.o
 .bss           0x3014fb30        0x0 crt0.o
 .bss           0x3014fb30        0x0 C:\Program Files\CodeSourcery\Sourcery G++ Lite/arm-none-eabi/lib\libc.a(lib_a-atoi.o)
 .bss           0x3014fb30        0x0 C:\Program Files\CodeSourcery\Sourcery G++ Lite/arm-none-eabi/lib\libc.a(lib_a-ctype_.o)
 .bss           0x3014fb30        0xc C:\Program Files\CodeSourcery\Sourcery G++ Lite/arm-none-eabi/lib\libc.a(lib_a-locale.o)
                0x3014fb30                __nlocale_changed
                0x3014fb34                __mlocale_changed
                0x3014fb38                _PathLocale
 .bss           0x3014fb3c        0x0 C:\Program Files\CodeSourcery\Sourcery G++ Lite/arm-none-eabi/lib\libc.a(lib_a-rand.o)
 .bss           0x3014fb3c        0x0 C:\Program Files\CodeSourcery\Sourcery G++ Lite/arm-none-eabi/lib\libc.a(lib_a-strcmp.o)
 .bss           0x3014fb3c        0x0 C:\Program Files\CodeSourcery\Sourcery G++ Lite/arm-none-eabi/lib\libc.a(lib_a-strlen.o)
 .bss           0x3014fb3c        0x0 C:\Program Files\CodeSourcery\Sourcery G++ Lite/arm-none-eabi/lib\libc.a(lib_a-strtol.o)
 .bss           0x3014fb3c        0x0 C:\Program Files\CodeSourcery\Sourcery G++ Lite/arm-none-eabi/lib\libc.a(lib_a-vsprintf.o)
 .bss           0x3014fb3c        0x0 C:\Program Files\CodeSourcery\Sourcery G++ Lite/arm-none-eabi/lib\libc.a(lib_a-impure.o)
 .bss           0x3014fb3c        0x0 C:\Program Files\CodeSourcery\Sourcery G++ Lite/arm-none-eabi/lib\libc.a(lib_a-svfprintf.o)
 .bss           0x3014fb3c        0x0 C:\Program Files\CodeSourcery\Sourcery G++ Lite/arm-none-eabi/lib\libc.a(lib_a-dtoa.o)
 .bss           0x3014fb3c        0x0 C:\Program Files\CodeSourcery\Sourcery G++ Lite/arm-none-eabi/lib\libc.a(lib_a-freer.o)
 .bss           0x3014fb3c       0x34 C:\Program Files\CodeSourcery\Sourcery G++ Lite/arm-none-eabi/lib\libc.a(lib_a-mallocr.o)
                0x3014fb3c                __malloc_top_pad
                0x3014fb40                __malloc_current_mallinfo
                0x3014fb68                __malloc_max_sbrked_mem
                0x3014fb6c                __malloc_max_total_mem
 .bss           0x3014fb70        0x0 C:\Program Files\CodeSourcery\Sourcery G++ Lite/arm-none-eabi/lib\libc.a(lib_a-memchr.o)
 .bss           0x3014fb70        0x0 C:\Program Files\CodeSourcery\Sourcery G++ Lite/arm-none-eabi/lib\libc.a(lib_a-memcpy.o)
 .bss           0x3014fb70        0x0 C:\Program Files\CodeSourcery\Sourcery G++ Lite/arm-none-eabi/lib\libc.a(lib_a-memmove.o)
 .bss           0x3014fb70        0x0 C:\Program Files\CodeSourcery\Sourcery G++ Lite/arm-none-eabi/lib\libc.a(lib_a-mlock.o)
 .bss           0x3014fb70        0x0 C:\Program Files\CodeSourcery\Sourcery G++ Lite/arm-none-eabi/lib\libc.a(lib_a-mprec.o)
 .bss           0x3014fb70        0x0 C:\Program Files\CodeSourcery\Sourcery G++ Lite/arm-none-eabi/lib\libc.a(lib_a-reallocr.o)
 .bss           0x3014fb70        0x0 C:\Program Files\CodeSourcery\Sourcery G++ Lite/arm-none-eabi/lib\libc.a(lib_a-s_isinfd.o)
 .bss           0x3014fb70        0x0 C:\Program Files\CodeSourcery\Sourcery G++ Lite/arm-none-eabi/lib\libc.a(lib_a-s_isnand.o)
 .bss           0x3014fb70        0x0 C:\Program Files\CodeSourcery\Sourcery G++ Lite/arm-none-eabi/lib\libc.a(lib_a-sbrkr.o)
 .bss           0x3014fb70        0x0 C:\Program Files\CodeSourcery\Sourcery G++ Lite/arm-none-eabi/lib\libc.a(lib_a-callocr.o)
 .bss           0x3014fb70        0x0 C:\Program Files\CodeSourcery\Sourcery G++ Lite/arm-none-eabi/lib\libc.a(lib_a-memset.o)
 .bss           0x3014fb70        0x0 C:\Program Files\CodeSourcery\Sourcery G++ Lite/arm-none-eabi/lib\libc.a(lib_a-reent.o)
 .bss           0x3014fb70        0x0 C:\Program Files\CodeSourcery\Sourcery G++ Lite/lib/gcc/arm-none-eabi/4.4.1\libgcc.a(_udivsi3.o)
 .bss           0x3014fb70        0x0 C:\Program Files\CodeSourcery\Sourcery G++ Lite/lib/gcc/arm-none-eabi/4.4.1\libgcc.a(_dvmd_tls.o)
 .bss           0x3014fb70        0x0 C:\Program Files\CodeSourcery\Sourcery G++ Lite/lib/gcc/arm-none-eabi/4.4.1\libgcc.a(_arm_addsubdf3.o)
 .bss           0x3014fb70        0x0 C:\Program Files\CodeSourcery\Sourcery G++ Lite/lib/gcc/arm-none-eabi/4.4.1\libgcc.a(_arm_muldivdf3.o)
 .bss           0x3014fb70        0x0 C:\Program Files\CodeSourcery\Sourcery G++ Lite/lib/gcc/arm-none-eabi/4.4.1\libgcc.a(_arm_cmpdf2.o)
 .bss           0x3014fb70        0x0 C:\Program Files\CodeSourcery\Sourcery G++ Lite/lib/gcc/arm-none-eabi/4.4.1\libgcc.a(_arm_fixdfsi.o)
 .bss           0x3014fb70        0x0 C:\Program Files\CodeSourcery\Sourcery G++ Lite/lib/gcc/arm-none-eabi/4.4.1\libgcc.a(_arm_fixunsdfsi.o)
 .bss           0x3014fb70        0x0 C:\Program Files\CodeSourcery\Sourcery G++ Lite/lib/gcc/arm-none-eabi/4.4.1\libgcc.a(_aeabi_uldivmod.o)
 .bss           0x3014fb70        0x0 C:\Program Files\CodeSourcery\Sourcery G++ Lite/lib/gcc/arm-none-eabi/4.4.1\libgcc.a(bpabi.o)
 .bss           0x3014fb70        0x0 C:\Program Files\CodeSourcery\Sourcery G++ Lite/lib/gcc/arm-none-eabi/4.4.1\libgcc.a(_divdi3.o)
 .bss           0x3014fb70        0x0 C:\Program Files\CodeSourcery\Sourcery G++ Lite/lib/gcc/arm-none-eabi/4.4.1\libgcc.a(_udivdi3.o)
 .bss           0x3014fb70        0x0 C:\Program Files\CodeSourcery\Sourcery G++ Lite/lib/gcc/arm-none-eabi/4.4.1\libgcc.a(_clzsi2.o)
 *(.bss.*)
                0x3014fb70                . = ALIGN (0x4)
                0x3014fb70                __ZI_LIMIT__ = .
 COMMON         0x3014fb70        0x4 C:\Program Files\CodeSourcery\Sourcery G++ Lite/arm-none-eabi/lib\libc.a(lib_a-reent.o)
                0x3014fb70                errno
                0x000000a4                __ZI_SIZE__ = SIZEOF (.bss)
OUTPUT(dram_0x30000000.axf elf32-littlearm)

.comment        0x00000000      0x204
 .comment       0x00000000       0x2b Adc.o
 .comment       0x0000002b       0x2b Buzzer.o
 .comment       0x00000056       0x2b Exception.o
 .comment       0x00000081       0x2b Graphics.o
 .comment       0x000000ac       0x2b Key.o
 .comment       0x000000d7       0x2b Led.o
 .comment       0x00000102       0x2b Main.o
 .comment       0x0000012d       0x2b Timer.o
 .comment       0x00000158       0x2b Uart.o
 .comment       0x00000183       0x2b Wdt.o
 .comment       0x000001ae       0x2b mmu.o
 .comment       0x000001d9       0x2b runtime.o

.ARM.attributes
                0x00000000       0x2f
 .ARM.attributes
                0x00000000       0x31 Adc.o
 .ARM.attributes
                0x00000031       0x31 Buzzer.o
 .ARM.attributes
                0x00000062       0x31 Exception.o
 .ARM.attributes
                0x00000093       0x31 Graphics.o
 .ARM.attributes
                0x000000c4       0x31 Key.o
 .ARM.attributes
                0x000000f5       0x31 Led.o
 .ARM.attributes
                0x00000126       0x31 Main.o
 .ARM.attributes
                0x00000157       0x31 Timer.o
 .ARM.attributes
                0x00000188       0x31 Uart.o
 .ARM.attributes
                0x000001b9       0x31 Wdt.o
 .ARM.attributes
                0x000001ea       0x31 mmu.o
 .ARM.attributes
                0x0000021b       0x31 runtime.o
 .ARM.attributes
                0x0000024c       0x21 2440slib.o
 .ARM.attributes
                0x0000026d       0x21 crt0.o
 .ARM.attributes
                0x0000028e       0x32 C:\Program Files\CodeSourcery\Sourcery G++ Lite/arm-none-eabi/lib\libc.a(lib_a-atoi.o)
 .ARM.attributes
                0x000002c0       0x32 C:\Program Files\CodeSourcery\Sourcery G++ Lite/arm-none-eabi/lib\libc.a(lib_a-ctype_.o)
 .ARM.attributes
                0x000002f2       0x32 C:\Program Files\CodeSourcery\Sourcery G++ Lite/arm-none-eabi/lib\libc.a(lib_a-locale.o)
 .ARM.attributes
                0x00000324       0x32 C:\Program Files\CodeSourcery\Sourcery G++ Lite/arm-none-eabi/lib\libc.a(lib_a-rand.o)
 .ARM.attributes
                0x00000356       0x32 C:\Program Files\CodeSourcery\Sourcery G++ Lite/arm-none-eabi/lib\libc.a(lib_a-strcmp.o)
 .ARM.attributes
                0x00000388       0x32 C:\Program Files\CodeSourcery\Sourcery G++ Lite/arm-none-eabi/lib\libc.a(lib_a-strlen.o)
 .ARM.attributes
                0x000003ba       0x32 C:\Program Files\CodeSourcery\Sourcery G++ Lite/arm-none-eabi/lib\libc.a(lib_a-strtol.o)
 .ARM.attributes
                0x000003ec       0x32 C:\Program Files\CodeSourcery\Sourcery G++ Lite/arm-none-eabi/lib\libc.a(lib_a-vsprintf.o)
 .ARM.attributes
                0x0000041e       0x32 C:\Program Files\CodeSourcery\Sourcery G++ Lite/arm-none-eabi/lib\libc.a(lib_a-impure.o)
 .ARM.attributes
                0x00000450       0x32 C:\Program Files\CodeSourcery\Sourcery G++ Lite/arm-none-eabi/lib\libc.a(lib_a-svfprintf.o)
 .ARM.attributes
                0x00000482       0x32 C:\Program Files\CodeSourcery\Sourcery G++ Lite/arm-none-eabi/lib\libc.a(lib_a-dtoa.o)
 .ARM.attributes
                0x000004b4       0x32 C:\Program Files\CodeSourcery\Sourcery G++ Lite/arm-none-eabi/lib\libc.a(lib_a-freer.o)
 .ARM.attributes
                0x000004e6       0x32 C:\Program Files\CodeSourcery\Sourcery G++ Lite/arm-none-eabi/lib\libc.a(lib_a-mallocr.o)
 .ARM.attributes
                0x00000518       0x32 C:\Program Files\CodeSourcery\Sourcery G++ Lite/arm-none-eabi/lib\libc.a(lib_a-memchr.o)
 .ARM.attributes
                0x0000054a       0x32 C:\Program Files\CodeSourcery\Sourcery G++ Lite/arm-none-eabi/lib\libc.a(lib_a-memcpy.o)
 .ARM.attributes
                0x0000057c       0x32 C:\Program Files\CodeSourcery\Sourcery G++ Lite/arm-none-eabi/lib\libc.a(lib_a-memmove.o)
 .ARM.attributes
                0x000005ae       0x32 C:\Program Files\CodeSourcery\Sourcery G++ Lite/arm-none-eabi/lib\libc.a(lib_a-mlock.o)
 .ARM.attributes
                0x000005e0       0x32 C:\Program Files\CodeSourcery\Sourcery G++ Lite/arm-none-eabi/lib\libc.a(lib_a-mprec.o)
 .ARM.attributes
                0x00000612       0x32 C:\Program Files\CodeSourcery\Sourcery G++ Lite/arm-none-eabi/lib\libc.a(lib_a-reallocr.o)
 .ARM.attributes
                0x00000644       0x32 C:\Program Files\CodeSourcery\Sourcery G++ Lite/arm-none-eabi/lib\libc.a(lib_a-s_isinfd.o)
 .ARM.attributes
                0x00000676       0x32 C:\Program Files\CodeSourcery\Sourcery G++ Lite/arm-none-eabi/lib\libc.a(lib_a-s_isnand.o)
 .ARM.attributes
                0x000006a8       0x32 C:\Program Files\CodeSourcery\Sourcery G++ Lite/arm-none-eabi/lib\libc.a(lib_a-sbrkr.o)
 .ARM.attributes
                0x000006da       0x32 C:\Program Files\CodeSourcery\Sourcery G++ Lite/arm-none-eabi/lib\libc.a(lib_a-callocr.o)
 .ARM.attributes
                0x0000070c       0x32 C:\Program Files\CodeSourcery\Sourcery G++ Lite/arm-none-eabi/lib\libc.a(lib_a-memset.o)
 .ARM.attributes
                0x0000073e       0x32 C:\Program Files\CodeSourcery\Sourcery G++ Lite/arm-none-eabi/lib\libc.a(lib_a-reent.o)
 .ARM.attributes
                0x00000770       0x1a C:\Program Files\CodeSourcery\Sourcery G++ Lite/lib/gcc/arm-none-eabi/4.4.1\libgcc.a(_udivsi3.o)
 .ARM.attributes
                0x0000078a       0x18 C:\Program Files\CodeSourcery\Sourcery G++ Lite/lib/gcc/arm-none-eabi/4.4.1\libgcc.a(_dvmd_tls.o)
 .ARM.attributes
                0x000007a2       0x1a C:\Program Files\CodeSourcery\Sourcery G++ Lite/lib/gcc/arm-none-eabi/4.4.1\libgcc.a(_arm_addsubdf3.o)
 .ARM.attributes
                0x000007bc       0x1a C:\Program Files\CodeSourcery\Sourcery G++ Lite/lib/gcc/arm-none-eabi/4.4.1\libgcc.a(_arm_muldivdf3.o)
 .ARM.attributes
                0x000007d6       0x1a C:\Program Files\CodeSourcery\Sourcery G++ Lite/lib/gcc/arm-none-eabi/4.4.1\libgcc.a(_arm_cmpdf2.o)
 .ARM.attributes
                0x000007f0       0x1a C:\Program Files\CodeSourcery\Sourcery G++ Lite/lib/gcc/arm-none-eabi/4.4.1\libgcc.a(_arm_fixdfsi.o)
 .ARM.attributes
                0x0000080a       0x1a C:\Program Files\CodeSourcery\Sourcery G++ Lite/lib/gcc/arm-none-eabi/4.4.1\libgcc.a(_arm_fixunsdfsi.o)
 .ARM.attributes
                0x00000824       0x1a C:\Program Files\CodeSourcery\Sourcery G++ Lite/lib/gcc/arm-none-eabi/4.4.1\libgcc.a(_aeabi_uldivmod.o)
 .ARM.attributes
                0x0000083e       0x32 C:\Program Files\CodeSourcery\Sourcery G++ Lite/lib/gcc/arm-none-eabi/4.4.1\libgcc.a(bpabi.o)
 .ARM.attributes
                0x00000870       0x32 C:\Program Files\CodeSourcery\Sourcery G++ Lite/lib/gcc/arm-none-eabi/4.4.1\libgcc.a(_divdi3.o)
 .ARM.attributes
                0x000008a2       0x32 C:\Program Files\CodeSourcery\Sourcery G++ Lite/lib/gcc/arm-none-eabi/4.4.1\libgcc.a(_udivdi3.o)
 .ARM.attributes
                0x000008d4       0x1a C:\Program Files\CodeSourcery\Sourcery G++ Lite/lib/gcc/arm-none-eabi/4.4.1\libgcc.a(_clzsi2.o)

.debug_frame    0x00000000      0x860
 .debug_frame   0x00000000       0x40 C:\Program Files\CodeSourcery\Sourcery G++ Lite/arm-none-eabi/lib\libc.a(lib_a-atoi.o)
 .debug_frame   0x00000040       0x6c C:\Program Files\CodeSourcery\Sourcery G++ Lite/arm-none-eabi/lib\libc.a(lib_a-locale.o)
 .debug_frame   0x000000ac       0x3c C:\Program Files\CodeSourcery\Sourcery G++ Lite/arm-none-eabi/lib\libc.a(lib_a-rand.o)
 .debug_frame   0x000000e8       0x30 C:\Program Files\CodeSourcery\Sourcery G++ Lite/arm-none-eabi/lib\libc.a(lib_a-strcmp.o)
 .debug_frame   0x00000118       0x20 C:\Program Files\CodeSourcery\Sourcery G++ Lite/arm-none-eabi/lib\libc.a(lib_a-strlen.o)
 .debug_frame   0x00000138       0x54 C:\Program Files\CodeSourcery\Sourcery G++ Lite/arm-none-eabi/lib\libc.a(lib_a-strtol.o)
 .debug_frame   0x0000018c       0x44 C:\Program Files\CodeSourcery\Sourcery G++ Lite/arm-none-eabi/lib\libc.a(lib_a-vsprintf.o)
 .debug_frame   0x000001d0       0x68 C:\Program Files\CodeSourcery\Sourcery G++ Lite/arm-none-eabi/lib\libc.a(lib_a-svfprintf.o)
 .debug_frame   0x00000238       0x64 C:\Program Files\CodeSourcery\Sourcery G++ Lite/arm-none-eabi/lib\libc.a(lib_a-dtoa.o)
 .debug_frame   0x0000029c       0x50 C:\Program Files\CodeSourcery\Sourcery G++ Lite/arm-none-eabi/lib\libc.a(lib_a-freer.o)
 .debug_frame   0x000002ec       0x3c C:\Program Files\CodeSourcery\Sourcery G++ Lite/arm-none-eabi/lib\libc.a(lib_a-mallocr.o)
 .debug_frame   0x00000328       0x28 C:\Program Files\CodeSourcery\Sourcery G++ Lite/arm-none-eabi/lib\libc.a(lib_a-memchr.o)
 .debug_frame   0x00000350       0x34 C:\Program Files\CodeSourcery\Sourcery G++ Lite/arm-none-eabi/lib\libc.a(lib_a-memcpy.o)
 .debug_frame   0x00000384       0x2c C:\Program Files\CodeSourcery\Sourcery G++ Lite/arm-none-eabi/lib\libc.a(lib_a-memmove.o)
 .debug_frame   0x000003b0       0x30 C:\Program Files\CodeSourcery\Sourcery G++ Lite/arm-none-eabi/lib\libc.a(lib_a-mlock.o)
 .debug_frame   0x000003e0      0x228 C:\Program Files\CodeSourcery\Sourcery G++ Lite/arm-none-eabi/lib\libc.a(lib_a-mprec.o)
 .debug_frame   0x00000608       0x3c C:\Program Files\CodeSourcery\Sourcery G++ Lite/arm-none-eabi/lib\libc.a(lib_a-reallocr.o)
 .debug_frame   0x00000644       0x20 C:\Program Files\CodeSourcery\Sourcery G++ Lite/arm-none-eabi/lib\libc.a(lib_a-s_isinfd.o)
 .debug_frame   0x00000664       0x28 C:\Program Files\CodeSourcery\Sourcery G++ Lite/arm-none-eabi/lib\libc.a(lib_a-s_isnand.o)
 .debug_frame   0x0000068c       0x2c C:\Program Files\CodeSourcery\Sourcery G++ Lite/arm-none-eabi/lib\libc.a(lib_a-sbrkr.o)
 .debug_frame   0x000006b8       0x28 C:\Program Files\CodeSourcery\Sourcery G++ Lite/arm-none-eabi/lib\libc.a(lib_a-callocr.o)
 .debug_frame   0x000006e0       0x28 C:\Program Files\CodeSourcery\Sourcery G++ Lite/arm-none-eabi/lib\libc.a(lib_a-memset.o)
 .debug_frame   0x00000708       0x68 C:\Program Files\CodeSourcery\Sourcery G++ Lite/arm-none-eabi/lib\libc.a(lib_a-reent.o)
 .debug_frame   0x00000770       0x20 C:\Program Files\CodeSourcery\Sourcery G++ Lite/lib/gcc/arm-none-eabi/4.4.1\libgcc.a(_udivsi3.o)
 .debug_frame   0x00000790       0x58 C:\Program Files\CodeSourcery\Sourcery G++ Lite/lib/gcc/arm-none-eabi/4.4.1\libgcc.a(bpabi.o)
 .debug_frame   0x000007e8       0x3c C:\Program Files\CodeSourcery\Sourcery G++ Lite/lib/gcc/arm-none-eabi/4.4.1\libgcc.a(_divdi3.o)
 .debug_frame   0x00000824       0x3c C:\Program Files\CodeSourcery\Sourcery G++ Lite/lib/gcc/arm-none-eabi/4.4.1\libgcc.a(_udivdi3.o)

Cross Reference Table

Symbol                                            File
ADC_ISR                                           Exception.o
ADC_ISR_Init                                      Adc.o
ADC_Start                                         Adc.o
Adc_complete                                      Exception.o
Adc_value                                         Exception.o
Basic_Graphics_Test                               Main.o
Bit_per_pixel                                     Graphics.o
Brightness_Test                                   Main.o
Buzzer_Test                                       Main.o
CLR_IF                                            2440slib.o
DMA0_ISR                                          Exception.o
DMA1_ISR                                          Exception.o
DMA2_ISR                                          Exception.o
DMA3_ISR                                          Exception.o
DMA_complete                                      Exception.o
Dabort_Handler                                    Exception.o
                                                  crt0.o
Disp                                              Main.o
Display_frame                                     Graphics.o
Draw_Object                                       Main.o
EINT0_ISR                                         Exception.o
EINT4_7_ISR                                       Exception.o
FIQ_Handler                                       Exception.o
                                                  crt0.o
Fb_Frame                                          Graphics.o
Fb_Layer                                          Graphics.o
Font_Test                                         Main.o
Frame_Mode                                        Graphics.o
Game_Init                                         Main.o
Get_Heap_Base                                     runtime.o
Get_Heap_Limit                                    runtime.o
Get_Stack_Base                                    runtime.o
Get_Stack_Limit                                   runtime.o
Gun                                               Main.o
HanTable                                          Graphics.o
HandlerIRQ                                        crt0.o
ISR_Vectors                                       Exception.o
                                                  crt0.o
Invalid_ISR                                       Exception.o
Key_Get_Pressed                                   Key.o
                                                  Main.o
                                                  Exception.o
Key_Get_Pressed_Multi                             Key.o
                                                  Main.o
Key_Poll_Init                                     Key.o
                                                  Main.o
Key_Test                                          Main.o
Key_Wait_Key_Pressed                              Key.o
                                                  Main.o
Key_Wait_Key_Pressed_Multi                        Key.o
                                                  Main.o
Key_Wait_Key_Released                             Key.o
                                                  Main.o
Key_Wait_Key_Released_Multi                       Key.o
                                                  Main.o
Key_push                                          Exception.o
Key_value                                         Exception.o
Lcd_Clr_Screen                                    Graphics.o
                                                  Main.o
Lcd_Control_Brightness                            Graphics.o
                                                  Main.o
Lcd_Draw_BMP                                      Graphics.o
                                                  Main.o
Lcd_Draw_BMP_File_24bpp                           Graphics.o
Lcd_Draw_Bar                                      Graphics.o
                                                  Main.o
Lcd_Draw_Cam_Image                                Graphics.o
Lcd_Draw_Hline                                    Graphics.o
                                                  Main.o
Lcd_Draw_Image                                    Graphics.o
Lcd_Draw_Line                                     Graphics.o
                                                  Main.o
Lcd_Draw_Rect                                     Graphics.o
                                                  Main.o
Lcd_Draw_Vline                                    Graphics.o
                                                  Main.o
Lcd_Eng_Putch                                     Graphics.o
Lcd_Envid_On_Off                                  Graphics.o
Lcd_Get_Info_BMP                                  Graphics.o
                                                  Main.o
Lcd_Graphic_Init                                  Graphics.o
                                                  Main.o
Lcd_Han_Putch                                     Graphics.o
Lcd_Init                                          Graphics.o
Lcd_Port_Init                                     Graphics.o
Lcd_Power_Enable                                  Graphics.o
Lcd_Printf                                        Graphics.o
                                                  Main.o
Lcd_Put_Cam_Pixel                                 Graphics.o
Lcd_Put_Pixel                                     Graphics.o
                                                  Main.o
Lcd_Puts                                          Graphics.o
Lcd_Reset                                         Graphics.o
Lcd_Select_Buffer_Mode                            Graphics.o
                                                  Main.o
Lcd_Select_Display_Frame_Buffer                   Graphics.o
                                                  Main.o
Lcd_Select_Draw_Frame_Buffer                      Graphics.o
                                                  Main.o
Lcd_Set_Address                                   Graphics.o
Lcd_Set_Shape_Mode                                Graphics.o
                                                  Main.o
Lcd_Set_Trans_Mode                                Graphics.o
                                                  Main.o
Lcd_Set_Virtual_Display_Start                     Graphics.o
Lcd_Wait_Blank                                    Graphics.o
Led_Display                                       Led.o
                                                  Main.o
Led_Init                                          Led.o
                                                  Main.o
MMU_CleanDCacheIndex                              2440slib.o
MMU_CleanDCacheMVA                                2440slib.o
MMU_CleanInvalidateDCacheIndex                    2440slib.o
                                                  mmu.o
MMU_CleanInvalidateDCacheMVA                      2440slib.o
MMU_DisableAlignFault                             2440slib.o
MMU_DisableDCache                                 2440slib.o
                                                  mmu.o
MMU_DisableICache                                 2440slib.o
                                                  mmu.o
MMU_DisableMMU                                    2440slib.o
                                                  mmu.o
MMU_EnableAlignFault                              2440slib.o
                                                  mmu.o
MMU_EnableDCache                                  2440slib.o
                                                  mmu.o
MMU_EnableICache                                  2440slib.o
                                                  mmu.o
MMU_EnableMMU                                     2440slib.o
                                                  mmu.o
MMU_Init                                          mmu.o
                                                  crt0.o
                                                  Main.o
MMU_InvalidateDCache                              2440slib.o
MMU_InvalidateDCacheMVA                           2440slib.o
MMU_InvalidateDTLB                                2440slib.o
MMU_InvalidateDTLBMVA                             2440slib.o
MMU_InvalidateICache                              2440slib.o
                                                  mmu.o
MMU_InvalidateICacheMVA                           2440slib.o
MMU_InvalidateIDCache                             2440slib.o
MMU_InvalidateITLB                                2440slib.o
MMU_InvalidateITLBMVA                             2440slib.o
MMU_InvalidateTLB                                 2440slib.o
                                                  mmu.o
MMU_PrefetchICacheMVA                             2440slib.o
MMU_SetAsyncBusMode                               2440slib.o
MMU_SetDCacheLockdownBase                         2440slib.o
MMU_SetDTLBLockdown                               2440slib.o
MMU_SetDomain                                     2440slib.o
                                                  mmu.o
MMU_SetFastBusMode                                2440slib.o
MMU_SetICacheLockdownBase                         2440slib.o
MMU_SetITLBLockdown                               2440slib.o
MMU_SetMTT                                        mmu.o
MMU_SetProcessId                                  2440slib.o
                                                  mmu.o
MMU_SetTTBase                                     2440slib.o
                                                  mmu.o
MMU_WaitForInterrupt                              2440slib.o
Main                                              Main.o
                                                  crt0.o
Move_Object                                       Main.o
Pabort_Handler                                    Exception.o
                                                  crt0.o
RTC_Get_Time                                      Main.o
RTC_ISR                                           Exception.o
RTC_Tick_ISR                                      Exception.o
RTC_alarm                                         Exception.o
RTC_tick                                          Exception.o
Run_Time_Config                                   runtime.o
                                                  crt0.o
Rx_data                                           Exception.o
Rx_data_in                                        Exception.o
SET_IF                                            2440slib.o
SPI0_LCD_Init                                     Graphics.o
SPI0_LCD_Write                                    Graphics.o
SWI_Handler                                       Exception.o
                                                  crt0.o
Selected_frame                                    Graphics.o
Shape_mode                                        Graphics.o
Shape_mode_color                                  Graphics.o
Simple_Example                                    Main.o
Special_Mode_Test                                 Main.o
TIMER0_ISR                                        Exception.o
Timer0_Change_Delay                               Timer.o
                                                  Main.o
Timer0_Check_Expired                              Timer.o
                                                  Main.o
Timer0_ISR_Enable                                 Timer.o
Timer0_Init                                       Timer.o
                                                  Main.o
Timer0_Repeat                                     Timer.o
                                                  Main.o
Timer0_Stop                                       Timer.o
                                                  Main.o
Timer0_time_out                                   Exception.o
Timer1_Stopwatch_Run                              Timer.o
                                                  Main.o
Timer1_Stopwatch_Stop                             Timer.o
                                                  Main.o
Timer3_Buzzer_Beep                                Buzzer.o
                                                  Main.o
Timer3_Buzzer_Init                                Buzzer.o
                                                  Main.o
Timer4_Delay                                      Timer.o
                                                  Main.o
                                                  Buzzer.o
Timer4_Init                                       Timer.o
                                                  Main.o
Timer_Test                                        Main.o
Touch_Get_Data                                    Adc.o
Touch_Get_Position                                Adc.o
                                                  Exception.o
Touch_ISR_Enable                                  Adc.o
Touch_Set_Wait_For_Release                        Adc.o
Touch_pressed                                     Exception.o
Touch_x                                           Adc.o
Touch_y                                           Adc.o
Trans_mode                                        Graphics.o
UART0_ISR                                         Exception.o
Uart_Fifo_Init                                    Uart.o
Uart_GetIntNum                                    Uart.o
                                                  Main.o
Uart_GetString                                    Uart.o
                                                  Main.o
Uart_Get_Char                                     Uart.o
Uart_Get_Pressed                                  Uart.o
                                                  Main.o
Uart_Init                                         Uart.o
                                                  Main.o
Uart_Printf                                       Uart.o
                                                  Main.o
                                                  Graphics.o
                                                  Exception.o
Uart_Send_Byte                                    Uart.o
Uart_Send_String                                  Uart.o
Ufo                                               Main.o
Ufo_beam                                          Main.o
Undef_Handler                                     Exception.o
                                                  crt0.o
User_Main                                         Main.o
Virtual_X                                         Graphics.o
Virtual_Y                                         Graphics.o
WDT_ISR                                           Exception.o
WDT_Init                                          Wdt.o
WDT_Start                                         Wdt.o
WR_IF                                             2440slib.o
Wdt_timeout                                       Exception.o
_Balloc                                           C:\Program Files\CodeSourcery\Sourcery G++ Lite/arm-none-eabi/lib\libc.a(lib_a-mprec.o)
                                                  C:\Program Files\CodeSourcery\Sourcery G++ Lite/arm-none-eabi/lib\libc.a(lib_a-dtoa.o)
_Bfree                                            C:\Program Files\CodeSourcery\Sourcery G++ Lite/arm-none-eabi/lib\libc.a(lib_a-mprec.o)
                                                  C:\Program Files\CodeSourcery\Sourcery G++ Lite/arm-none-eabi/lib\libc.a(lib_a-dtoa.o)
_PathLocale                                       C:\Program Files\CodeSourcery\Sourcery G++ Lite/arm-none-eabi/lib\libc.a(lib_a-locale.o)
__ZI_BASE__                                       crt0.o
__ZI_LIMIT__                                      crt0.o
__adddf3                                          C:\Program Files\CodeSourcery\Sourcery G++ Lite/lib/gcc/arm-none-eabi/4.4.1\libgcc.a(_arm_addsubdf3.o)
__aeabi_cdcmpeq                                   C:\Program Files\CodeSourcery\Sourcery G++ Lite/lib/gcc/arm-none-eabi/4.4.1\libgcc.a(_arm_cmpdf2.o)
__aeabi_cdcmple                                   C:\Program Files\CodeSourcery\Sourcery G++ Lite/lib/gcc/arm-none-eabi/4.4.1\libgcc.a(_arm_cmpdf2.o)
__aeabi_cdrcmple                                  C:\Program Files\CodeSourcery\Sourcery G++ Lite/lib/gcc/arm-none-eabi/4.4.1\libgcc.a(_arm_cmpdf2.o)
__aeabi_d2iz                                      C:\Program Files\CodeSourcery\Sourcery G++ Lite/lib/gcc/arm-none-eabi/4.4.1\libgcc.a(_arm_fixdfsi.o)
                                                  C:\Program Files\CodeSourcery\Sourcery G++ Lite/arm-none-eabi/lib\libc.a(lib_a-dtoa.o)
                                                  Graphics.o
__aeabi_d2uiz                                     C:\Program Files\CodeSourcery\Sourcery G++ Lite/lib/gcc/arm-none-eabi/4.4.1\libgcc.a(_arm_fixunsdfsi.o)
                                                  Uart.o
__aeabi_dadd                                      C:\Program Files\CodeSourcery\Sourcery G++ Lite/lib/gcc/arm-none-eabi/4.4.1\libgcc.a(_arm_addsubdf3.o)
                                                  C:\Program Files\CodeSourcery\Sourcery G++ Lite/arm-none-eabi/lib\libc.a(lib_a-dtoa.o)
                                                  Uart.o
__aeabi_dcmpeq                                    C:\Program Files\CodeSourcery\Sourcery G++ Lite/lib/gcc/arm-none-eabi/4.4.1\libgcc.a(_arm_cmpdf2.o)
                                                  C:\Program Files\CodeSourcery\Sourcery G++ Lite/arm-none-eabi/lib\libc.a(lib_a-dtoa.o)
                                                  C:\Program Files\CodeSourcery\Sourcery G++ Lite/arm-none-eabi/lib\libc.a(lib_a-svfprintf.o)
                                                  Graphics.o
__aeabi_dcmpge                                    C:\Program Files\CodeSourcery\Sourcery G++ Lite/lib/gcc/arm-none-eabi/4.4.1\libgcc.a(_arm_cmpdf2.o)
                                                  C:\Program Files\CodeSourcery\Sourcery G++ Lite/arm-none-eabi/lib\libc.a(lib_a-dtoa.o)
__aeabi_dcmpgt                                    C:\Program Files\CodeSourcery\Sourcery G++ Lite/lib/gcc/arm-none-eabi/4.4.1\libgcc.a(_arm_cmpdf2.o)
                                                  C:\Program Files\CodeSourcery\Sourcery G++ Lite/arm-none-eabi/lib\libc.a(lib_a-dtoa.o)
__aeabi_dcmple                                    C:\Program Files\CodeSourcery\Sourcery G++ Lite/lib/gcc/arm-none-eabi/4.4.1\libgcc.a(_arm_cmpdf2.o)
__aeabi_dcmplt                                    C:\Program Files\CodeSourcery\Sourcery G++ Lite/lib/gcc/arm-none-eabi/4.4.1\libgcc.a(_arm_cmpdf2.o)
                                                  C:\Program Files\CodeSourcery\Sourcery G++ Lite/arm-none-eabi/lib\libc.a(lib_a-dtoa.o)
                                                  C:\Program Files\CodeSourcery\Sourcery G++ Lite/arm-none-eabi/lib\libc.a(lib_a-svfprintf.o)
__aeabi_ddiv                                      C:\Program Files\CodeSourcery\Sourcery G++ Lite/lib/gcc/arm-none-eabi/4.4.1\libgcc.a(_arm_muldivdf3.o)
                                                  C:\Program Files\CodeSourcery\Sourcery G++ Lite/arm-none-eabi/lib\libc.a(lib_a-mprec.o)
                                                  C:\Program Files\CodeSourcery\Sourcery G++ Lite/arm-none-eabi/lib\libc.a(lib_a-dtoa.o)
                                                  Uart.o
__aeabi_dmul                                      C:\Program Files\CodeSourcery\Sourcery G++ Lite/lib/gcc/arm-none-eabi/4.4.1\libgcc.a(_arm_muldivdf3.o)
                                                  C:\Program Files\CodeSourcery\Sourcery G++ Lite/arm-none-eabi/lib\libc.a(lib_a-mprec.o)
                                                  C:\Program Files\CodeSourcery\Sourcery G++ Lite/arm-none-eabi/lib\libc.a(lib_a-dtoa.o)
__aeabi_drsub                                     C:\Program Files\CodeSourcery\Sourcery G++ Lite/lib/gcc/arm-none-eabi/4.4.1\libgcc.a(_arm_addsubdf3.o)
__aeabi_dsub                                      C:\Program Files\CodeSourcery\Sourcery G++ Lite/lib/gcc/arm-none-eabi/4.4.1\libgcc.a(_arm_addsubdf3.o)
                                                  C:\Program Files\CodeSourcery\Sourcery G++ Lite/arm-none-eabi/lib\libc.a(lib_a-dtoa.o)
__aeabi_f2d                                       C:\Program Files\CodeSourcery\Sourcery G++ Lite/lib/gcc/arm-none-eabi/4.4.1\libgcc.a(_arm_addsubdf3.o)
__aeabi_i2d                                       C:\Program Files\CodeSourcery\Sourcery G++ Lite/lib/gcc/arm-none-eabi/4.4.1\libgcc.a(_arm_addsubdf3.o)
                                                  C:\Program Files\CodeSourcery\Sourcery G++ Lite/arm-none-eabi/lib\libc.a(lib_a-dtoa.o)
                                                  Uart.o
__aeabi_idiv0                                     C:\Program Files\CodeSourcery\Sourcery G++ Lite/lib/gcc/arm-none-eabi/4.4.1\libgcc.a(_dvmd_tls.o)
                                                  C:\Program Files\CodeSourcery\Sourcery G++ Lite/lib/gcc/arm-none-eabi/4.4.1\libgcc.a(_udivsi3.o)
__aeabi_l2d                                       C:\Program Files\CodeSourcery\Sourcery G++ Lite/lib/gcc/arm-none-eabi/4.4.1\libgcc.a(_arm_addsubdf3.o)
__aeabi_ldiv0                                     C:\Program Files\CodeSourcery\Sourcery G++ Lite/lib/gcc/arm-none-eabi/4.4.1\libgcc.a(_dvmd_tls.o)
                                                  C:\Program Files\CodeSourcery\Sourcery G++ Lite/lib/gcc/arm-none-eabi/4.4.1\libgcc.a(_aeabi_uldivmod.o)
__aeabi_ui2d                                      C:\Program Files\CodeSourcery\Sourcery G++ Lite/lib/gcc/arm-none-eabi/4.4.1\libgcc.a(_arm_addsubdf3.o)
                                                  C:\Program Files\CodeSourcery\Sourcery G++ Lite/arm-none-eabi/lib\libc.a(lib_a-dtoa.o)
__aeabi_uidiv                                     C:\Program Files\CodeSourcery\Sourcery G++ Lite/lib/gcc/arm-none-eabi/4.4.1\libgcc.a(_udivsi3.o)
                                                  C:\Program Files\CodeSourcery\Sourcery G++ Lite/lib/gcc/arm-none-eabi/4.4.1\libgcc.a(_udivdi3.o)
                                                  C:\Program Files\CodeSourcery\Sourcery G++ Lite/lib/gcc/arm-none-eabi/4.4.1\libgcc.a(_divdi3.o)
                                                  C:\Program Files\CodeSourcery\Sourcery G++ Lite/arm-none-eabi/lib\libc.a(lib_a-dtoa.o)
                                                  C:\Program Files\CodeSourcery\Sourcery G++ Lite/arm-none-eabi/lib\libc.a(lib_a-strtol.o)
                                                  Buzzer.o
__aeabi_uidivmod                                  C:\Program Files\CodeSourcery\Sourcery G++ Lite/lib/gcc/arm-none-eabi/4.4.1\libgcc.a(_udivsi3.o)
                                                  C:\Program Files\CodeSourcery\Sourcery G++ Lite/lib/gcc/arm-none-eabi/4.4.1\libgcc.a(_udivdi3.o)
                                                  C:\Program Files\CodeSourcery\Sourcery G++ Lite/lib/gcc/arm-none-eabi/4.4.1\libgcc.a(_divdi3.o)
                                                  C:\Program Files\CodeSourcery\Sourcery G++ Lite/arm-none-eabi/lib\libc.a(lib_a-strtol.o)
__aeabi_ul2d                                      C:\Program Files\CodeSourcery\Sourcery G++ Lite/lib/gcc/arm-none-eabi/4.4.1\libgcc.a(_arm_addsubdf3.o)
__aeabi_uldivmod                                  C:\Program Files\CodeSourcery\Sourcery G++ Lite/lib/gcc/arm-none-eabi/4.4.1\libgcc.a(_aeabi_uldivmod.o)
                                                  C:\Program Files\CodeSourcery\Sourcery G++ Lite/arm-none-eabi/lib\libc.a(lib_a-svfprintf.o)
__any_on                                          C:\Program Files\CodeSourcery\Sourcery G++ Lite/arm-none-eabi/lib\libc.a(lib_a-mprec.o)
__b2d                                             C:\Program Files\CodeSourcery\Sourcery G++ Lite/arm-none-eabi/lib\libc.a(lib_a-mprec.o)
__clzsi2                                          C:\Program Files\CodeSourcery\Sourcery G++ Lite/lib/gcc/arm-none-eabi/4.4.1\libgcc.a(_clzsi2.o)
                                                  C:\Program Files\CodeSourcery\Sourcery G++ Lite/lib/gcc/arm-none-eabi/4.4.1\libgcc.a(_udivdi3.o)
                                                  C:\Program Files\CodeSourcery\Sourcery G++ Lite/lib/gcc/arm-none-eabi/4.4.1\libgcc.a(_divdi3.o)
__cmpdf2                                          C:\Program Files\CodeSourcery\Sourcery G++ Lite/lib/gcc/arm-none-eabi/4.4.1\libgcc.a(_arm_cmpdf2.o)
__copybits                                        C:\Program Files\CodeSourcery\Sourcery G++ Lite/arm-none-eabi/lib\libc.a(lib_a-mprec.o)
__ctype_ptr                                       C:\Program Files\CodeSourcery\Sourcery G++ Lite/arm-none-eabi/lib\libc.a(lib_a-ctype_.o)
__ctype_ptr__                                     C:\Program Files\CodeSourcery\Sourcery G++ Lite/arm-none-eabi/lib\libc.a(lib_a-ctype_.o)
                                                  C:\Program Files\CodeSourcery\Sourcery G++ Lite/arm-none-eabi/lib\libc.a(lib_a-strtol.o)
                                                  Uart.o
__d2b                                             C:\Program Files\CodeSourcery\Sourcery G++ Lite/arm-none-eabi/lib\libc.a(lib_a-mprec.o)
                                                  C:\Program Files\CodeSourcery\Sourcery G++ Lite/arm-none-eabi/lib\libc.a(lib_a-dtoa.o)
__divdf3                                          C:\Program Files\CodeSourcery\Sourcery G++ Lite/lib/gcc/arm-none-eabi/4.4.1\libgcc.a(_arm_muldivdf3.o)
__divdi3                                          C:\Program Files\CodeSourcery\Sourcery G++ Lite/lib/gcc/arm-none-eabi/4.4.1\libgcc.a(_divdi3.o)
                                                  C:\Program Files\CodeSourcery\Sourcery G++ Lite/lib/gcc/arm-none-eabi/4.4.1\libgcc.a(bpabi.o)
__eqdf2                                           C:\Program Files\CodeSourcery\Sourcery G++ Lite/lib/gcc/arm-none-eabi/4.4.1\libgcc.a(_arm_cmpdf2.o)
__extendsfdf2                                     C:\Program Files\CodeSourcery\Sourcery G++ Lite/lib/gcc/arm-none-eabi/4.4.1\libgcc.a(_arm_addsubdf3.o)
__fixdfsi                                         C:\Program Files\CodeSourcery\Sourcery G++ Lite/lib/gcc/arm-none-eabi/4.4.1\libgcc.a(_arm_fixdfsi.o)
__fixunsdfsi                                      C:\Program Files\CodeSourcery\Sourcery G++ Lite/lib/gcc/arm-none-eabi/4.4.1\libgcc.a(_arm_fixunsdfsi.o)
__floatdidf                                       C:\Program Files\CodeSourcery\Sourcery G++ Lite/lib/gcc/arm-none-eabi/4.4.1\libgcc.a(_arm_addsubdf3.o)
__floatsidf                                       C:\Program Files\CodeSourcery\Sourcery G++ Lite/lib/gcc/arm-none-eabi/4.4.1\libgcc.a(_arm_addsubdf3.o)
__floatundidf                                     C:\Program Files\CodeSourcery\Sourcery G++ Lite/lib/gcc/arm-none-eabi/4.4.1\libgcc.a(_arm_addsubdf3.o)
__floatunsidf                                     C:\Program Files\CodeSourcery\Sourcery G++ Lite/lib/gcc/arm-none-eabi/4.4.1\libgcc.a(_arm_addsubdf3.o)
__gedf2                                           C:\Program Files\CodeSourcery\Sourcery G++ Lite/lib/gcc/arm-none-eabi/4.4.1\libgcc.a(_arm_cmpdf2.o)
__gnu_ldivmod_helper                              C:\Program Files\CodeSourcery\Sourcery G++ Lite/lib/gcc/arm-none-eabi/4.4.1\libgcc.a(bpabi.o)
__gnu_uldivmod_helper                             C:\Program Files\CodeSourcery\Sourcery G++ Lite/lib/gcc/arm-none-eabi/4.4.1\libgcc.a(bpabi.o)
                                                  C:\Program Files\CodeSourcery\Sourcery G++ Lite/lib/gcc/arm-none-eabi/4.4.1\libgcc.a(_aeabi_uldivmod.o)
__gtdf2                                           C:\Program Files\CodeSourcery\Sourcery G++ Lite/lib/gcc/arm-none-eabi/4.4.1\libgcc.a(_arm_cmpdf2.o)
__hi0bits                                         C:\Program Files\CodeSourcery\Sourcery G++ Lite/arm-none-eabi/lib\libc.a(lib_a-mprec.o)
                                                  C:\Program Files\CodeSourcery\Sourcery G++ Lite/arm-none-eabi/lib\libc.a(lib_a-dtoa.o)
__i2b                                             C:\Program Files\CodeSourcery\Sourcery G++ Lite/arm-none-eabi/lib\libc.a(lib_a-mprec.o)
                                                  C:\Program Files\CodeSourcery\Sourcery G++ Lite/arm-none-eabi/lib\libc.a(lib_a-dtoa.o)
__isinfd                                          C:\Program Files\CodeSourcery\Sourcery G++ Lite/arm-none-eabi/lib\libc.a(lib_a-s_isinfd.o)
                                                  C:\Program Files\CodeSourcery\Sourcery G++ Lite/arm-none-eabi/lib\libc.a(lib_a-svfprintf.o)
__isnand                                          C:\Program Files\CodeSourcery\Sourcery G++ Lite/arm-none-eabi/lib\libc.a(lib_a-s_isnand.o)
                                                  C:\Program Files\CodeSourcery\Sourcery G++ Lite/arm-none-eabi/lib\libc.a(lib_a-svfprintf.o)
__lc_ctype                                        C:\Program Files\CodeSourcery\Sourcery G++ Lite/arm-none-eabi/lib\libc.a(lib_a-locale.o)
__ledf2                                           C:\Program Files\CodeSourcery\Sourcery G++ Lite/lib/gcc/arm-none-eabi/4.4.1\libgcc.a(_arm_cmpdf2.o)
__lo0bits                                         C:\Program Files\CodeSourcery\Sourcery G++ Lite/arm-none-eabi/lib\libc.a(lib_a-mprec.o)
__locale_charset                                  C:\Program Files\CodeSourcery\Sourcery G++ Lite/arm-none-eabi/lib\libc.a(lib_a-locale.o)
__lshift                                          C:\Program Files\CodeSourcery\Sourcery G++ Lite/arm-none-eabi/lib\libc.a(lib_a-mprec.o)
                                                  C:\Program Files\CodeSourcery\Sourcery G++ Lite/arm-none-eabi/lib\libc.a(lib_a-dtoa.o)
__ltdf2                                           C:\Program Files\CodeSourcery\Sourcery G++ Lite/lib/gcc/arm-none-eabi/4.4.1\libgcc.a(_arm_cmpdf2.o)
__malloc_av_                                      C:\Program Files\CodeSourcery\Sourcery G++ Lite/arm-none-eabi/lib\libc.a(lib_a-mallocr.o)
                                                  C:\Program Files\CodeSourcery\Sourcery G++ Lite/arm-none-eabi/lib\libc.a(lib_a-reallocr.o)
                                                  C:\Program Files\CodeSourcery\Sourcery G++ Lite/arm-none-eabi/lib\libc.a(lib_a-freer.o)
__malloc_current_mallinfo                         C:\Program Files\CodeSourcery\Sourcery G++ Lite/arm-none-eabi/lib\libc.a(lib_a-mallocr.o)
                                                  C:\Program Files\CodeSourcery\Sourcery G++ Lite/arm-none-eabi/lib\libc.a(lib_a-freer.o)
__malloc_lock                                     C:\Program Files\CodeSourcery\Sourcery G++ Lite/arm-none-eabi/lib\libc.a(lib_a-mlock.o)
                                                  C:\Program Files\CodeSourcery\Sourcery G++ Lite/arm-none-eabi/lib\libc.a(lib_a-reallocr.o)
                                                  C:\Program Files\CodeSourcery\Sourcery G++ Lite/arm-none-eabi/lib\libc.a(lib_a-mallocr.o)
                                                  C:\Program Files\CodeSourcery\Sourcery G++ Lite/arm-none-eabi/lib\libc.a(lib_a-freer.o)
__malloc_max_sbrked_mem                           C:\Program Files\CodeSourcery\Sourcery G++ Lite/arm-none-eabi/lib\libc.a(lib_a-mallocr.o)
__malloc_max_total_mem                            C:\Program Files\CodeSourcery\Sourcery G++ Lite/arm-none-eabi/lib\libc.a(lib_a-mallocr.o)
__malloc_sbrk_base                                C:\Program Files\CodeSourcery\Sourcery G++ Lite/arm-none-eabi/lib\libc.a(lib_a-mallocr.o)
                                                  C:\Program Files\CodeSourcery\Sourcery G++ Lite/arm-none-eabi/lib\libc.a(lib_a-freer.o)
__malloc_top_pad                                  C:\Program Files\CodeSourcery\Sourcery G++ Lite/arm-none-eabi/lib\libc.a(lib_a-mallocr.o)
                                                  C:\Program Files\CodeSourcery\Sourcery G++ Lite/arm-none-eabi/lib\libc.a(lib_a-freer.o)
__malloc_trim_threshold                           C:\Program Files\CodeSourcery\Sourcery G++ Lite/arm-none-eabi/lib\libc.a(lib_a-mallocr.o)
                                                  C:\Program Files\CodeSourcery\Sourcery G++ Lite/arm-none-eabi/lib\libc.a(lib_a-freer.o)
__malloc_unlock                                   C:\Program Files\CodeSourcery\Sourcery G++ Lite/arm-none-eabi/lib\libc.a(lib_a-mlock.o)
                                                  C:\Program Files\CodeSourcery\Sourcery G++ Lite/arm-none-eabi/lib\libc.a(lib_a-reallocr.o)
                                                  C:\Program Files\CodeSourcery\Sourcery G++ Lite/arm-none-eabi/lib\libc.a(lib_a-mallocr.o)
                                                  C:\Program Files\CodeSourcery\Sourcery G++ Lite/arm-none-eabi/lib\libc.a(lib_a-freer.o)
__mb_cur_max                                      C:\Program Files\CodeSourcery\Sourcery G++ Lite/arm-none-eabi/lib\libc.a(lib_a-locale.o)
__mcmp                                            C:\Program Files\CodeSourcery\Sourcery G++ Lite/arm-none-eabi/lib\libc.a(lib_a-mprec.o)
                                                  C:\Program Files\CodeSourcery\Sourcery G++ Lite/arm-none-eabi/lib\libc.a(lib_a-dtoa.o)
__mdiff                                           C:\Program Files\CodeSourcery\Sourcery G++ Lite/arm-none-eabi/lib\libc.a(lib_a-mprec.o)
                                                  C:\Program Files\CodeSourcery\Sourcery G++ Lite/arm-none-eabi/lib\libc.a(lib_a-dtoa.o)
__mlocale_changed                                 C:\Program Files\CodeSourcery\Sourcery G++ Lite/arm-none-eabi/lib\libc.a(lib_a-locale.o)
__mprec_bigtens                                   C:\Program Files\CodeSourcery\Sourcery G++ Lite/arm-none-eabi/lib\libc.a(lib_a-mprec.o)
                                                  C:\Program Files\CodeSourcery\Sourcery G++ Lite/arm-none-eabi/lib\libc.a(lib_a-dtoa.o)
__mprec_tens                                      C:\Program Files\CodeSourcery\Sourcery G++ Lite/arm-none-eabi/lib\libc.a(lib_a-mprec.o)
                                                  C:\Program Files\CodeSourcery\Sourcery G++ Lite/arm-none-eabi/lib\libc.a(lib_a-dtoa.o)
__mprec_tinytens                                  C:\Program Files\CodeSourcery\Sourcery G++ Lite/arm-none-eabi/lib\libc.a(lib_a-mprec.o)
__muldf3                                          C:\Program Files\CodeSourcery\Sourcery G++ Lite/lib/gcc/arm-none-eabi/4.4.1\libgcc.a(_arm_muldivdf3.o)
__multadd                                         C:\Program Files\CodeSourcery\Sourcery G++ Lite/arm-none-eabi/lib\libc.a(lib_a-mprec.o)
                                                  C:\Program Files\CodeSourcery\Sourcery G++ Lite/arm-none-eabi/lib\libc.a(lib_a-dtoa.o)
__multiply                                        C:\Program Files\CodeSourcery\Sourcery G++ Lite/arm-none-eabi/lib\libc.a(lib_a-mprec.o)
                                                  C:\Program Files\CodeSourcery\Sourcery G++ Lite/arm-none-eabi/lib\libc.a(lib_a-dtoa.o)
__nedf2                                           C:\Program Files\CodeSourcery\Sourcery G++ Lite/lib/gcc/arm-none-eabi/4.4.1\libgcc.a(_arm_cmpdf2.o)
__nlocale_changed                                 C:\Program Files\CodeSourcery\Sourcery G++ Lite/arm-none-eabi/lib\libc.a(lib_a-locale.o)
__pow5mult                                        C:\Program Files\CodeSourcery\Sourcery G++ Lite/arm-none-eabi/lib\libc.a(lib_a-mprec.o)
                                                  C:\Program Files\CodeSourcery\Sourcery G++ Lite/arm-none-eabi/lib\libc.a(lib_a-dtoa.o)
__ratio                                           C:\Program Files\CodeSourcery\Sourcery G++ Lite/arm-none-eabi/lib\libc.a(lib_a-mprec.o)
__s2b                                             C:\Program Files\CodeSourcery\Sourcery G++ Lite/arm-none-eabi/lib\libc.a(lib_a-mprec.o)
__start                                           crt0.o
                                                  2440slib.o
__subdf3                                          C:\Program Files\CodeSourcery\Sourcery G++ Lite/lib/gcc/arm-none-eabi/4.4.1\libgcc.a(_arm_addsubdf3.o)
__udivdi3                                         C:\Program Files\CodeSourcery\Sourcery G++ Lite/lib/gcc/arm-none-eabi/4.4.1\libgcc.a(_udivdi3.o)
                                                  C:\Program Files\CodeSourcery\Sourcery G++ Lite/lib/gcc/arm-none-eabi/4.4.1\libgcc.a(bpabi.o)
__udivsi3                                         C:\Program Files\CodeSourcery\Sourcery G++ Lite/lib/gcc/arm-none-eabi/4.4.1\libgcc.a(_udivsi3.o)
__ulp                                             C:\Program Files\CodeSourcery\Sourcery G++ Lite/arm-none-eabi/lib\libc.a(lib_a-mprec.o)
_atoi_r                                           C:\Program Files\CodeSourcery\Sourcery G++ Lite/arm-none-eabi/lib\libc.a(lib_a-atoi.o)
_calloc_r                                         C:\Program Files\CodeSourcery\Sourcery G++ Lite/arm-none-eabi/lib\libc.a(lib_a-callocr.o)
                                                  C:\Program Files\CodeSourcery\Sourcery G++ Lite/arm-none-eabi/lib\libc.a(lib_a-mprec.o)
_ctype_                                           C:\Program Files\CodeSourcery\Sourcery G++ Lite/arm-none-eabi/lib\libc.a(lib_a-ctype_.o)
_dtoa_r                                           C:\Program Files\CodeSourcery\Sourcery G++ Lite/arm-none-eabi/lib\libc.a(lib_a-dtoa.o)
                                                  C:\Program Files\CodeSourcery\Sourcery G++ Lite/arm-none-eabi/lib\libc.a(lib_a-svfprintf.o)
_free_r                                           C:\Program Files\CodeSourcery\Sourcery G++ Lite/arm-none-eabi/lib\libc.a(lib_a-freer.o)
                                                  C:\Program Files\CodeSourcery\Sourcery G++ Lite/arm-none-eabi/lib\libc.a(lib_a-reent.o)
                                                  C:\Program Files\CodeSourcery\Sourcery G++ Lite/arm-none-eabi/lib\libc.a(lib_a-reallocr.o)
                                                  C:\Program Files\CodeSourcery\Sourcery G++ Lite/arm-none-eabi/lib\libc.a(lib_a-mallocr.o)
                                                  C:\Program Files\CodeSourcery\Sourcery G++ Lite/arm-none-eabi/lib\libc.a(lib_a-svfprintf.o)
_global_impure_ptr                                C:\Program Files\CodeSourcery\Sourcery G++ Lite/arm-none-eabi/lib\libc.a(lib_a-impure.o)
_impure_ptr                                       C:\Program Files\CodeSourcery\Sourcery G++ Lite/arm-none-eabi/lib\libc.a(lib_a-impure.o)
                                                  C:\Program Files\CodeSourcery\Sourcery G++ Lite/arm-none-eabi/lib\libc.a(lib_a-reent.o)
                                                  C:\Program Files\CodeSourcery\Sourcery G++ Lite/arm-none-eabi/lib\libc.a(lib_a-vsprintf.o)
                                                  C:\Program Files\CodeSourcery\Sourcery G++ Lite/arm-none-eabi/lib\libc.a(lib_a-strtol.o)
                                                  C:\Program Files\CodeSourcery\Sourcery G++ Lite/arm-none-eabi/lib\libc.a(lib_a-rand.o)
                                                  C:\Program Files\CodeSourcery\Sourcery G++ Lite/arm-none-eabi/lib\libc.a(lib_a-locale.o)
_localeconv_r                                     C:\Program Files\CodeSourcery\Sourcery G++ Lite/arm-none-eabi/lib\libc.a(lib_a-locale.o)
                                                  C:\Program Files\CodeSourcery\Sourcery G++ Lite/arm-none-eabi/lib\libc.a(lib_a-svfprintf.o)
_malloc_r                                         C:\Program Files\CodeSourcery\Sourcery G++ Lite/arm-none-eabi/lib\libc.a(lib_a-mallocr.o)
                                                  C:\Program Files\CodeSourcery\Sourcery G++ Lite/arm-none-eabi/lib\libc.a(lib_a-callocr.o)
                                                  C:\Program Files\CodeSourcery\Sourcery G++ Lite/arm-none-eabi/lib\libc.a(lib_a-reallocr.o)
                                                  C:\Program Files\CodeSourcery\Sourcery G++ Lite/arm-none-eabi/lib\libc.a(lib_a-svfprintf.o)
_malloc_trim_r                                    C:\Program Files\CodeSourcery\Sourcery G++ Lite/arm-none-eabi/lib\libc.a(lib_a-freer.o)
_mprec_log10                                      C:\Program Files\CodeSourcery\Sourcery G++ Lite/arm-none-eabi/lib\libc.a(lib_a-mprec.o)
_realloc_r                                        C:\Program Files\CodeSourcery\Sourcery G++ Lite/arm-none-eabi/lib\libc.a(lib_a-reallocr.o)
                                                  C:\Program Files\CodeSourcery\Sourcery G++ Lite/arm-none-eabi/lib\libc.a(lib_a-svfprintf.o)
_reclaim_reent                                    C:\Program Files\CodeSourcery\Sourcery G++ Lite/arm-none-eabi/lib\libc.a(lib_a-reent.o)
_sbrk                                             runtime.o
                                                  C:\Program Files\CodeSourcery\Sourcery G++ Lite/arm-none-eabi/lib\libc.a(lib_a-sbrkr.o)
_sbrk_r                                           C:\Program Files\CodeSourcery\Sourcery G++ Lite/arm-none-eabi/lib\libc.a(lib_a-sbrkr.o)
                                                  C:\Program Files\CodeSourcery\Sourcery G++ Lite/arm-none-eabi/lib\libc.a(lib_a-mallocr.o)
                                                  C:\Program Files\CodeSourcery\Sourcery G++ Lite/arm-none-eabi/lib\libc.a(lib_a-freer.o)
_setlocale_r                                      C:\Program Files\CodeSourcery\Sourcery G++ Lite/arm-none-eabi/lib\libc.a(lib_a-locale.o)
_strtol_r                                         C:\Program Files\CodeSourcery\Sourcery G++ Lite/arm-none-eabi/lib\libc.a(lib_a-strtol.o)
                                                  C:\Program Files\CodeSourcery\Sourcery G++ Lite/arm-none-eabi/lib\libc.a(lib_a-atoi.o)
_svfprintf_r                                      C:\Program Files\CodeSourcery\Sourcery G++ Lite/arm-none-eabi/lib\libc.a(lib_a-svfprintf.o)
                                                  C:\Program Files\CodeSourcery\Sourcery G++ Lite/arm-none-eabi/lib\libc.a(lib_a-vsprintf.o)
_vsprintf_r                                       C:\Program Files\CodeSourcery\Sourcery G++ Lite/arm-none-eabi/lib\libc.a(lib_a-vsprintf.o)
_wrapup_reent                                     C:\Program Files\CodeSourcery\Sourcery G++ Lite/arm-none-eabi/lib\libc.a(lib_a-reent.o)
atoi                                              C:\Program Files\CodeSourcery\Sourcery G++ Lite/arm-none-eabi/lib\libc.a(lib_a-atoi.o)
                                                  Uart.o
cleanup_glue                                      C:\Program Files\CodeSourcery\Sourcery G++ Lite/arm-none-eabi/lib\libc.a(lib_a-reent.o)
collision_detect                                  Main.o
eng8x16                                           Graphics.o
errno                                             C:\Program Files\CodeSourcery\Sourcery G++ Lite/arm-none-eabi/lib\libc.a(lib_a-reent.o)
                                                  C:\Program Files\CodeSourcery\Sourcery G++ Lite/arm-none-eabi/lib\libc.a(lib_a-sbrkr.o)
explosion                                         Main.o
han16x16                                          Graphics.o
img01                                             Main.o
img02                                             Main.o
img03                                             Main.o
img04                                             Main.o
img05                                             Main.o
localeconv                                        C:\Program Files\CodeSourcery\Sourcery G++ Lite/arm-none-eabi/lib\libc.a(lib_a-locale.o)
make_pixel                                        Main.o
memchr                                            C:\Program Files\CodeSourcery\Sourcery G++ Lite/arm-none-eabi/lib\libc.a(lib_a-memchr.o)
                                                  C:\Program Files\CodeSourcery\Sourcery G++ Lite/arm-none-eabi/lib\libc.a(lib_a-svfprintf.o)
memcpy                                            C:\Program Files\CodeSourcery\Sourcery G++ Lite/arm-none-eabi/lib\libc.a(lib_a-memcpy.o)
                                                  C:\Program Files\CodeSourcery\Sourcery G++ Lite/arm-none-eabi/lib\libc.a(lib_a-mprec.o)
                                                  C:\Program Files\CodeSourcery\Sourcery G++ Lite/arm-none-eabi/lib\libc.a(lib_a-dtoa.o)
                                                  C:\Program Files\CodeSourcery\Sourcery G++ Lite/arm-none-eabi/lib\libc.a(lib_a-svfprintf.o)
memmove                                           C:\Program Files\CodeSourcery\Sourcery G++ Lite/arm-none-eabi/lib\libc.a(lib_a-memmove.o)
                                                  C:\Program Files\CodeSourcery\Sourcery G++ Lite/arm-none-eabi/lib\libc.a(lib_a-reallocr.o)
                                                  C:\Program Files\CodeSourcery\Sourcery G++ Lite/arm-none-eabi/lib\libc.a(lib_a-svfprintf.o)
memset                                            C:\Program Files\CodeSourcery\Sourcery G++ Lite/arm-none-eabi/lib\libc.a(lib_a-memset.o)
                                                  C:\Program Files\CodeSourcery\Sourcery G++ Lite/arm-none-eabi/lib\libc.a(lib_a-callocr.o)
perfect                                           Main.o
rand                                              C:\Program Files\CodeSourcery\Sourcery G++ Lite/arm-none-eabi/lib\libc.a(lib_a-rand.o)
setlocale                                         C:\Program Files\CodeSourcery\Sourcery G++ Lite/arm-none-eabi/lib\libc.a(lib_a-locale.o)
                                                  runtime.o
shape                                             Main.o
song                                              Main.o
srand                                             C:\Program Files\CodeSourcery\Sourcery G++ Lite/arm-none-eabi/lib\libc.a(lib_a-rand.o)
                                                  Main.o
strcmp                                            C:\Program Files\CodeSourcery\Sourcery G++ Lite/arm-none-eabi/lib\libc.a(lib_a-strcmp.o)